Component: Arm Compiler for Embedded 6.21 Tool: armlink [5ec1fa00]

==============================================================================

Section Cross References

    startup_stm32f401xc.o(STACK) refers (Special) to heapauxi.o(.text) for __use_two_region_memory
    startup_stm32f401xc.o(HEAP) refers (Special) to heapauxi.o(.text) for __use_two_region_memory
    startup_stm32f401xc.o(RESET) refers (Special) to heapauxi.o(.text) for __use_two_region_memory
    startup_stm32f401xc.o(RESET) refers to startup_stm32f401xc.o(STACK) for __initial_sp
    startup_stm32f401xc.o(RESET) refers to startup_stm32f401xc.o(.text) for Reset_Handler
    startup_stm32f401xc.o(RESET) refers to stm32f4xx_it.o(.text.NMI_Handler) for NMI_Handler
    startup_stm32f401xc.o(RESET) refers to stm32f4xx_it.o(.text.HardFault_Handler) for HardFault_Handler
    startup_stm32f401xc.o(RESET) refers to stm32f4xx_it.o(.text.MemManage_Handler) for MemManage_Handler
    startup_stm32f401xc.o(RESET) refers to stm32f4xx_it.o(.text.BusFault_Handler) for BusFault_Handler
    startup_stm32f401xc.o(RESET) refers to stm32f4xx_it.o(.text.UsageFault_Handler) for UsageFault_Handler
    startup_stm32f401xc.o(RESET) refers to stm32f4xx_it.o(.text.SVC_Handler) for SVC_Handler
    startup_stm32f401xc.o(RESET) refers to stm32f4xx_it.o(.text.DebugMon_Handler) for DebugMon_Handler
    startup_stm32f401xc.o(RESET) refers to stm32f4xx_it.o(.text.PendSV_Handler) for PendSV_Handler
    startup_stm32f401xc.o(RESET) refers to stm32f4xx_it.o(.text.SysTick_Handler) for SysTick_Handler
    startup_stm32f401xc.o(.text) refers (Special) to heapauxi.o(.text) for __use_two_region_memory
    startup_stm32f401xc.o(.text) refers to system_stm32f4xx.o(.text.SystemInit) for SystemInit
    startup_stm32f401xc.o(.text) refers to __main.o(!!!main) for __main
    startup_stm32f401xc.o(.text) refers to startup_stm32f401xc.o(HEAP) for Heap_Mem
    startup_stm32f401xc.o(.text) refers to startup_stm32f401xc.o(STACK) for Stack_Mem
    main.o(.text.main) refers to stm32f4xx_hal.o(.text.HAL_Init) for HAL_Init
    main.o(.text.main) refers to rt_memclr_w.o(.text) for __aeabi_memclr4
    main.o(.text.main) refers to stm32f4xx_hal_rcc.o(.text.HAL_RCC_OscConfig) for HAL_RCC_OscConfig
    main.o(.text.main) refers to stm32f4xx_hal_rcc.o(.text.HAL_RCC_ClockConfig) for HAL_RCC_ClockConfig
    main.o(.text.main) refers to gpio.o(.text.MX_GPIO_Init) for MX_GPIO_Init
    main.o(.text.main) refers to crc.o(.text.MX_CRC_Init) for MX_CRC_Init
    main.o(.text.main) refers to usart.o(.text.MX_USART2_UART_Init) for MX_USART2_UART_Init
    main.o(.text.main) refers to usart.o(.text.MX_USART6_UART_Init) for MX_USART6_UART_Init
    main.o(.text.main) refers to bootloader.o(.text.BL_Print_Message) for BL_Print_Message
    main.o(.text.main) refers to stm32f4xx_hal_gpio.o(.text.HAL_GPIO_WritePin) for HAL_GPIO_WritePin
    main.o(.text.main) refers to main.o(.bss.status) for status
    main.o(.text.main) refers to bootloader.o(.text.BL_UART_Featch_Host_Command) for BL_UART_Featch_Host_Command
    main.o(.ARM.exidx.text.main) refers to main.o(.text.main) for [Anonymous Symbol]
    main.o(.text.SystemClock_Config) refers to rt_memclr_w.o(.text) for __aeabi_memclr4
    main.o(.text.SystemClock_Config) refers to stm32f4xx_hal_rcc.o(.text.HAL_RCC_OscConfig) for HAL_RCC_OscConfig
    main.o(.text.SystemClock_Config) refers to stm32f4xx_hal_rcc.o(.text.HAL_RCC_ClockConfig) for HAL_RCC_ClockConfig
    main.o(.ARM.exidx.text.SystemClock_Config) refers to main.o(.text.SystemClock_Config) for [Anonymous Symbol]
    main.o(.ARM.exidx.text.Error_Handler) refers to main.o(.text.Error_Handler) for [Anonymous Symbol]
    gpio.o(.text.MX_GPIO_Init) refers to stm32f4xx_hal_gpio.o(.text.HAL_GPIO_WritePin) for HAL_GPIO_WritePin
    gpio.o(.text.MX_GPIO_Init) refers to stm32f4xx_hal_gpio.o(.text.HAL_GPIO_Init) for HAL_GPIO_Init
    gpio.o(.ARM.exidx.text.MX_GPIO_Init) refers to gpio.o(.text.MX_GPIO_Init) for [Anonymous Symbol]
    crc.o(.text.MX_CRC_Init) refers to crc.o(.bss.hcrc) for hcrc
    crc.o(.text.MX_CRC_Init) refers to stm32f4xx_hal_crc.o(.text.HAL_CRC_Init) for HAL_CRC_Init
    crc.o(.text.MX_CRC_Init) refers to main.o(.text.Error_Handler) for Error_Handler
    crc.o(.ARM.exidx.text.MX_CRC_Init) refers to crc.o(.text.MX_CRC_Init) for [Anonymous Symbol]
    crc.o(.ARM.exidx.text.HAL_CRC_MspInit) refers to crc.o(.text.HAL_CRC_MspInit) for [Anonymous Symbol]
    crc.o(.ARM.exidx.text.HAL_CRC_MspDeInit) refers to crc.o(.text.HAL_CRC_MspDeInit) for [Anonymous Symbol]
    usart.o(.text.MX_USART2_UART_Init) refers to usart.o(.bss.huart2) for huart2
    usart.o(.text.MX_USART2_UART_Init) refers to stm32f4xx_hal_uart.o(.text.HAL_UART_Init) for HAL_UART_Init
    usart.o(.text.MX_USART2_UART_Init) refers to main.o(.text.Error_Handler) for Error_Handler
    usart.o(.ARM.exidx.text.MX_USART2_UART_Init) refers to usart.o(.text.MX_USART2_UART_Init) for [Anonymous Symbol]
[...]
    .ARM.Collect$$libshutdown$$0000000C      0x080002ea   Section        0  libshutdown2.o(.ARM.Collect$$libshutdown$$0000000C)
    .ARM.Collect$$libshutdown$$0000000F      0x080002ea   Section        0  libshutdown2.o(.ARM.Collect$$libshutdown$$0000000F)
    .ARM.Collect$$libshutdown$$00000010      0x080002ea   Section        2  libshutdown2.o(.ARM.Collect$$libshutdown$$00000010)
    .ARM.Collect$$rtentry$$00000000          0x080002ec   Section        0  __rtentry.o(.ARM.Collect$$rtentry$$00000000)
    .ARM.Collect$$rtentry$$00000002          0x080002ec   Section        0  __rtentry2.o(.ARM.Collect$$rtentry$$00000002)
    .ARM.Collect$$rtentry$$00000004          0x080002ec   Section        6  __rtentry4.o(.ARM.Collect$$rtentry$$00000004)
    .ARM.Collect$$rtentry$$00000009          0x080002f2   Section        0  __rtentry2.o(.ARM.Collect$$rtentry$$00000009)
    .ARM.Collect$$rtentry$$0000000A          0x080002f2   Section        4  __rtentry2.o(.ARM.Collect$$rtentry$$0000000A)
    .ARM.Collect$$rtentry$$0000000C          0x080002f6   Section        0  __rtentry2.o(.ARM.Collect$$rtentry$$0000000C)
    .ARM.Collect$$rtentry$$0000000D          0x080002f6   Section        8  __rtentry2.o(.ARM.Collect$$rtentry$$0000000D)
    .ARM.Collect$$rtexit$$00000000           0x080002fe   Section        2  rtexit.o(.ARM.Collect$$rtexit$$00000000)
    .ARM.Collect$$rtexit$$00000002           0x08000300   Section        0  rtexit2.o(.ARM.Collect$$rtexit$$00000002)
    .ARM.Collect$$rtexit$$00000003           0x08000300   Section        4  rtexit2.o(.ARM.Collect$$rtexit$$00000003)
    .ARM.Collect$$rtexit$$00000004           0x08000304   Section        6  rtexit2.o(.ARM.Collect$$rtexit$$00000004)
    $v0                                      0x0800030c   Number         0  startup_stm32f401xc.o(.text)
    .text                                    0x0800030c   Section       64  startup_stm32f401xc.o(.text)
    .text                                    0x0800034c   Section      240  lludivv7m.o(.text)
    .text                                    0x0800043c   Section        0  vsprintf.o(.text)
    .text                                    0x08000460   Section       78  rt_memclr_w.o(.text)
    .text                                    0x080004ae   Section        0  heapauxi.o(.text)
    .text                                    0x080004b4   Section        0  _printf_pad.o(.text)
    .text                                    0x08000502   Section        0  _printf_truncate.o(.text)
    .text                                    0x08000526   Section        0  _printf_str.o(.text)
    .text                                    0x08000578   Section        0  _printf_dec.o(.text)
    .text                                    0x080005f0   Section        0  _printf_charcount.o(.text)
    _printf_input_char                       0x08000619   Thumb Code    10  _printf_char_common.o(.text)
    .text                                    0x08000618   Section        0  _printf_char_common.o(.text)
    .text                                    0x08000648   Section        0  _sputc.o(.text)
    .text                                    0x08000654   Section        0  _printf_wctomb.o(.text)
    .text                                    0x08000710   Section        0  _printf_longlong_dec.o(.text)
    _printf_longlong_oct_internal            0x0800078d   Thumb Code     0  _printf_oct_int_ll.o(.text)
    .text                                    0x0800078c   Section        0  _printf_oct_int_ll.o(.text)
    _printf_hex_common                       0x080007fd   Thumb Code     0  _printf_hex_int_ll_ptr.o(.text)
    .text                                    0x080007fc   Section        0  _printf_hex_int_ll_ptr.o(.text)
    .text                                    0x08000890   Section        0  __printf_flags_ss_wp.o(.text)
    .text                                    0x08000a18   Section        8  libspace.o(.text)
    .text                                    0x08000a20   Section        2  use_no_semi.o(.text)
    .text                                    0x08000a22   Section        0  indicate_semi.o(.text)
    .text                                    0x08000a22   Section      138  lludiv10.o(.text)
    .text                                    0x08000aac   Section        0  _printf_intcommon.o(.text)
    _fp_digits                               0x08000b5f   Thumb Code   432  _printf_fp_dec.o(.text)
    .text                                    0x08000b5e   Section        0  _printf_fp_dec.o(.text)
    .text                                    0x08000f7c   Section        0  _printf_fp_hex.o(.text)
    .text                                    0x08001278   Section        0  _printf_char.o(.text)
    .text                                    0x080012a4   Section        0  _printf_wchar.o(.text)
    .text                                    0x080012d0   Section        0  _c16rtomb.o(.text)
    .text                                    0x08001318   Section       74  sys_stackheap_outer.o(.text)
    .text                                    0x08001364   Section       16  rt_ctype_table.o(.text)
    .text                                    0x08001374   Section        8  rt_locale_intlibspace.o(.text)
    .text                                    0x0800137c   Section        0  _printf_fp_infnan.o(.text)
    .text                                    0x080013fc   Section        0  bigflt0.o(.text)
    .text                                    0x080014e0   Section        0  exit.o(.text)
    .text                                    0x080014f4   Section        0  sys_exit.o(.text)
    .text                                    0x08001500   Section      124  strcmpv7em.o(.text)
    [Anonymous Symbol]                       0x0800157c   Section        0  aes_dec.o(.text.AES_decrypt_block)
    [Anonymous Symbol]                       0x080018e8   Section        0  aes_dec.o(.text.AES_decrypt_buffer)
    [Anonymous Symbol]                       0x0800195c   Section        0  bootloader.o(.text.BL_Print_Message)
    [Anonymous Symbol]                       0x080019a0   Section        0  bootloader.o(.text.BL_UART_Featch_Host_Command)
    Bootloader_Change_Read_Protection_Level  0x08001b5d   Thumb Code   364  bootloader.o(.text.Bootloader_Change_Read_Protection_Level)
    [Anonymous Symbol]                       0x08001b5c   Section        0  bootloader.o(.text.Bootloader_Change_Read_Protection_Level)
    Bootloader_Erase_Flash                   0x08001d3d   Thumb Code   384  bootloader.o(.text.Bootloader_Erase_Flash)
    [Anonymous Symbol]                       0x08001d3c   Section        0  bootloader.o(.text.Bootloader_Erase_Flash)
    Bootloader_Get_Chip_Identification_Number 0x08001f21   Thumb Code   240  bootloader.o(.text.Bootloader_Get_Chip_Identification_Number)
    [Anonymous Symbol]                       0x08001f20   Section        0  bootloader.o(.text.Bootloader_Get_Chip_Identification_Number)
    Bootloader_Get_Help                      0x0800203d   Thumb Code   228  bootloader.o(.text.Bootloader_Get_Help)
    [Anonymous Symbol]                       0x0800203c   Section        0  bootloader.o(.text.Bootloader_Get_Help)
    Bootloader_Get_Version                   0x08002145   Thumb Code   228  bootloader.o(.text.Bootloader_Get_Version)
    [Anonymous Symbol]                       0x08002144   Section        0  bootloader.o(.text.Bootloader_Get_Version)
    Bootloader_Read_Protection_Level         0x08002241   Thumb Code   236  bootloader.o(.text.Bootloader_Read_Protection_Level)
    [Anonymous Symbol]                       0x08002240   Section        0  bootloader.o(.text.Bootloader_Read_Protection_Level)
    [Anonymous Symbol]                       0x08002358   Section        0  stm32f4xx_it.o(.text.BusFault_Handler)
    [Anonymous Symbol]                       0x0800235c   Section        0  stm32f4xx_it.o(.text.DebugMon_Handler)
    [Anonymous Symbol]                       0x08002360   Section        0  main.o(.text.Error_Handler)
    [Anonymous Symbol]                       0x0800236c   Section        0  stm32f4xx_hal_flash.o(.text.FLASH_WaitForLastOperation)
    [Anonymous Symbol]                       0x08002484   Section        0  stm32f4xx_hal_crc.o(.text.HAL_CRC_Accumulate)
    [Anonymous Symbol]                       0x080024f0   Section        0  stm32f4xx_hal_crc.o(.text.HAL_CRC_Init)
    [Anonymous Symbol]                       0x0800251c   Section        0  crc.o(.text.HAL_CRC_MspInit)
    [Anonymous Symbol]                       0x0800254c   Section        0  stm32f4xx_hal_flash_ex.o(.text.HAL_FLASHEx_Erase)
    [Anonymous Symbol]                       0x080026d8   Section        0  stm32f4xx_hal_flash_ex.o(.text.HAL_FLASHEx_OBGetConfig)
    [Anonymous Symbol]                       0x08002710   Section        0  stm32f4xx_hal_flash_ex.o(.text.HAL_FLASHEx_OBProgram)
    [Anonymous Symbol]                       0x080027c8   Section        0  stm32f4xx_hal_flash.o(.text.HAL_FLASH_Lock)
    [Anonymous Symbol]                       0x080027dc   Section        0  stm32f4xx_hal_flash.o(.text.HAL_FLASH_OB_Launch)
    [Anonymous Symbol]                       0x080027f4   Section        0  stm32f4xx_hal_flash.o(.text.HAL_FLASH_OB_Lock)
    [Anonymous Symbol]                       0x08002808   Section        0  stm32f4xx_hal_flash.o(.text.HAL_FLASH_OB_Unlock)
    [Anonymous Symbol]                       0x08002834   Section        0  stm32f4xx_hal_flash.o(.text.HAL_FLASH_Program)
    [Anonymous Symbol]                       0x08002954   Section        0  stm32f4xx_hal_flash.o(.text.HAL_FLASH_Unlock)
    [Anonymous Symbol]                       0x08002984   Section        0  stm32f4xx_hal_gpio.o(.text.HAL_GPIO_Init)
    [Anonymous Symbol]                       0x08002b20   Section        0  stm32f4xx_hal_gpio.o(.text.HAL_GPIO_WritePin)
    [Anonymous Symbol]                       0x08002b2c   Section        0  stm32f4xx_hal.o(.text.HAL_GetTick)
    [Anonymous Symbol]                       0x08002b38   Section        0  stm32f4xx_hal.o(.text.HAL_IncTick)
    [Anonymous Symbol]                       0x08002b54   Section        0  stm32f4xx_hal.o(.text.HAL_Init)
    [Anonymous Symbol]                       0x08002b8c   Section        0  stm32f4xx_hal.o(.text.HAL_InitTick)
    [Anonymous Symbol]                       0x08002bd4   Section        0  stm32f4xx_hal_msp.o(.text.HAL_MspInit)
    [Anonymous Symbol]                       0x08002c0c   Section        0  stm32f4xx_hal_cortex.o(.text.HAL_NVIC_SetPriority)
    [Anonymous Symbol]                       0x08002c64   Section        0  stm32f4xx_hal_cortex.o(.text.HAL_NVIC_SetPriorityGrouping)
    [Anonymous Symbol]                       0x08002c84   Section        0  stm32f4xx_hal_rcc.o(.text.HAL_RCC_ClockConfig)
    [Anonymous Symbol]                       0x08002de8   Section        0  stm32f4xx_hal_rcc_ex.o(.text.HAL_RCC_DeInit)
    [Anonymous Symbol]                       0x08002f10   Section        0  stm32f4xx_hal_rcc.o(.text.HAL_RCC_GetPCLK1Freq)
    [Anonymous Symbol]                       0x08002f38   Section        0  stm32f4xx_hal_rcc.o(.text.HAL_RCC_GetPCLK2Freq)
    [Anonymous Symbol]                       0x08002f60   Section        0  stm32f4xx_hal_rcc.o(.text.HAL_RCC_GetSysClockFreq)
    [Anonymous Symbol]                       0x08002fcc   Section        0  stm32f4xx_hal_rcc.o(.text.HAL_RCC_OscConfig)
    [Anonymous Symbol]                       0x0800337c   Section        0  stm32f4xx_hal_cortex.o(.text.HAL_SYSTICK_Config)
    [Anonymous Symbol]                       0x080033a8   Section        0  stm32f4xx_hal_uart.o(.text.HAL_UART_Init)
    [Anonymous Symbol]                       0x08003408   Section        0  usart.o(.text.HAL_UART_MspInit)
    [Anonymous Symbol]                       0x080034c4   Section        0  stm32f4xx_hal_uart.o(.text.HAL_UART_Receive)
    [Anonymous Symbol]                       0x08003680   Section        0  stm32f4xx_hal_uart.o(.text.HAL_UART_Transmit)
    [Anonymous Symbol]                       0x08003908   Section        0  stm32f4xx_it.o(.text.HardFault_Handler)
    [Anonymous Symbol]                       0x0800390c   Section        0  aes_dec.o(.text.InvMixCol)
    [Anonymous Symbol]                       0x08003a98   Section        0  aes_dec.o(.text.KeyExpansion)
    [Anonymous Symbol]                       0x08003b2c   Section        0  crc.o(.text.MX_CRC_Init)
    [Anonymous Symbol]                       0x08003b54   Section        0  gpio.o(.text.MX_GPIO_Init)
    [Anonymous Symbol]                       0x08003bbc   Section        0  usart.o(.text.MX_USART2_UART_Init)
    [Anonymous Symbol]                       0x08003bf8   Section        0  usart.o(.text.MX_USART6_UART_Init)
    [Anonymous Symbol]                       0x08003c34   Section        0  stm32f4xx_it.o(.text.MemManage_Handler)
    [Anonymous Symbol]                       0x08003c38   Section        0  stm32f4xx_it.o(.text.NMI_Handler)
    [Anonymous Symbol]                       0x08003c3c   Section        0  stm32f4xx_it.o(.text.PendSV_Handler)
    [Anonymous Symbol]                       0x08003c40   Section        0  aes_dec.o(.text.ReverseBytesInWords)
    [Anonymous Symbol]                       0x08003d80   Section        0  stm32f4xx_it.o(.text.SVC_Handler)
    [Anonymous Symbol]                       0x08003d84   Section        0  stm32f4xx_it.o(.text.SysTick_Handler)
    [Anonymous Symbol]                       0x08003d88   Section        0  system_stm32f4xx.o(.text.SystemInit)
    Test_Bootloader_Memory_Write             0x08003da5   Thumb Code   388  bootloader.o(.text.Test_Bootloader_Memory_Write)
    [Anonymous Symbol]                       0x08003da4   Section        0  bootloader.o(.text.Test_Bootloader_Memory_Write)
    UART_SetConfig                           0x08003fb1   Thumb Code   238  stm32f4xx_hal_uart.o(.text.UART_SetConfig)
    [Anonymous Symbol]                       0x08003fb0   Section        0  stm32f4xx_hal_uart.o(.text.UART_SetConfig)
    [Anonymous Symbol]                       0x080040a0   Section        0  stm32f4xx_it.o(.text.UsageFault_Handler)
    [Anonymous Symbol]                       0x080040a4   Section        0  main.o(.text.main)
    CL$$btod_d2e                             0x08004184   Section       62  btod.o(CL$$btod_d2e)
    CL$$btod_d2e_denorm_low                  0x080041c2   Section       70  btod.o(CL$$btod_d2e_denorm_low)
    CL$$btod_d2e_norm_op1                    0x08004208   Section       96  btod.o(CL$$btod_d2e_norm_op1)
    CL$$btod_div_common                      0x08004268   Section      824  btod.o(CL$$btod_div_common)
    CL$$btod_e2e                             0x080045a0   Section      220  btod.o(CL$$btod_e2e)
    CL$$btod_ediv                            0x0800467c   Section       42  btod.o(CL$$btod_ediv)
    CL$$btod_emul                            0x080046a6   Section       42  btod.o(CL$$btod_emul)
    CL$$btod_mult_common                     0x080046d0   Section      580  btod.o(CL$$btod_mult_common)
    i.__ARM_fpclassify                       0x08004914   Section        0  fpclassify.o(i.__ARM_fpclassify)
    i._is_digit                              0x08004944   Section        0  __printf_wp.o(i._is_digit)
    locale$$code                             0x08004954   Section       44  lc_numeric_c.o(locale$$code)
    locale$$code                             0x08004980   Section       44  lc_ctype_c.o(locale$$code)
    $v0                                      0x080049ac   Number         0  fpinit.o(x$fpl$fpinit)
    x$fpl$fpinit                             0x080049ac   Section       26  fpinit.o(x$fpl$fpinit)
    $v0                                      0x080049c6   Number         0  printf1.o(x$fpl$printf1)
    x$fpl$printf1                            0x080049c6   Section        4  printf1.o(x$fpl$printf1)
    $v0                                      0x080049ca   Number         0  printf2.o(x$fpl$printf2)
    x$fpl$printf2                            0x080049ca   Section        4  printf2.o(x$fpl$printf2)
    x$fpl$usenofp                            0x080049ce   Section        0  usenofp.o(x$fpl$usenofp)
    initial_mbstate                          0x080049d0   Data           8  _printf_wctomb.o(.constdata)
    .constdata                               0x080049d0   Section        8  _printf_wctomb.o(.constdata)
    uc_hextab                                0x080049d8   Data          20  _printf_hex_int_ll_ptr.o(.constdata)
    .constdata                               0x080049d8   Section       40  _printf_hex_int_ll_ptr.o(.constdata)
    lc_hextab                                0x080049ec   Data          20  _printf_hex_int_ll_ptr.o(.constdata)
    maptable                                 0x08004a00   Data          17  __printf_flags_ss_wp.o(.constdata)
    .constdata                               0x08004a00   Section       17  __printf_flags_ss_wp.o(.constdata)
    lc_hextab                                0x08004a11   Data          19  _printf_fp_hex.o(.constdata)
    .constdata                               0x08004a11   Section       38  _printf_fp_hex.o(.constdata)
    uc_hextab                                0x08004a24   Data          19  _printf_fp_hex.o(.constdata)
    tenpwrs_x                                0x08004a38   Data          60  bigflt0.o(.constdata)
    .constdata                               0x08004a38   Section      148  bigflt0.o(.constdata)
    tenpwrs_i                                0x08004a74   Data          64  bigflt0.o(.constdata)
    INV_SBOX                                 0x08004ae4   Data         256  aes_dec.o(.rodata.INV_SBOX)
    [Anonymous Symbol]                       0x08004ae4   Section        0  aes_dec.o(.rodata.INV_SBOX)
    RoundConstants                           0x08004be4   Data          10  aes_dec.o(.rodata.RoundConstants)
    [Anonymous Symbol]                       0x08004be4   Section        0  aes_dec.o(.rodata.RoundConstants)
    SBOX                                     0x08004bee   Data         256  aes_dec.o(.rodata.SBOX)
    [Anonymous Symbol]                       0x08004bee   Section        0  aes_dec.o(.rodata.SBOX)
    .L.str.4                                 0x08004cee   Data          46  bootloader.o(.rodata.str1.1)
    [Anonymous Symbol]                       0x08004cee   Section        0  bootloader.o(.rodata.str1.1)
    .L.str.29                                0x08004d1c   Data          41  bootloader.o(.rodata.str1.1)
    .L.str.23                                0x08004d45   Data          27  bootloader.o(.rodata.str1.1)
    .L.str.22                                0x08004d60   Data          27  bootloader.o(.rodata.str1.1)
    .L.str.18                                0x08004d7b   Data          19  bootloader.o(.rodata.str1.1)
    .L.str.14                                0x08004d8e   Data          27  bootloader.o(.rodata.str1.1)
    .L.str                                   0x08004da9   Data          74  bootloader.o(.rodata.str1.1)
    .L.str.27                                0x08004df3   Data          34  bootloader.o(.rodata.str1.1)
    .L.str.28                                0x08004e15   Data          34  bootloader.o(.rodata.str1.1)
    .L.str.26                                0x08004e37   Data          62  bootloader.o(.rodata.str1.1)
    .L.str.7                                 0x08004e75   Data          28  bootloader.o(.rodata.str1.1)
    .L.str.6                                 0x08004e91   Data          28  bootloader.o(.rodata.str1.1)
    locale$$data                             0x08004ed0   Section       28  lc_numeric_c.o(locale$$data)
    __lcnum_c_name                           0x08004ed4   Data           2  lc_numeric_c.o(locale$$data)
    __lcnum_c_start                          0x08004edc   Data           0  lc_numeric_c.o(locale$$data)
    __lcnum_c_point                          0x08004ee8   Data           0  lc_numeric_c.o(locale$$data)
    __lcnum_c_thousands                      0x08004eea   Data           0  lc_numeric_c.o(locale$$data)
    __lcnum_c_grouping                       0x08004eeb   Data           0  lc_numeric_c.o(locale$$data)
    __lcnum_c_end                            0x08004eec   Data           0  lc_numeric_c.o(locale$$data)
    locale$$data                             0x08004eec   Section      272  lc_ctype_c.o(locale$$data)
    __lcctype_c_name                         0x08004ef0   Data           2  lc_ctype_c.o(locale$$data)
    __lcctype_c_start                        0x08004ef8   Data           0  lc_ctype_c.o(locale$$data)
    __lcctype_c_end                          0x08004ffc   Data           0  lc_ctype_c.o(locale$$data)
    .L_MergedGlobals                         0x20000000   Data           8  stm32f4xx_hal.o(.data..L_MergedGlobals)
    [Anonymous Symbol]                       0x20000000   Section        0  stm32f4xx_hal.o(.data..L_MergedGlobals)
    BL_commands                              0x20000008   Data          12  bootloader.o(.data.BL_commands)
    [Anonymous Symbol]                       0x20000008   Section        0  bootloader.o(.data.BL_commands)
    key                                      0x20000018   Data          16  aes_dec.o(.data.key)
    [Anonymous Symbol]                       0x20000018   Section        0  aes_dec.o(.data.key)
    .bss                                     0x20000030   Section       96  libspace.o(.bss)
    BL_Host_Buffer                           0x20000090   Data         200  bootloader.o(.bss.BL_Host_Buffer)
    [Anonymous Symbol]                       0x20000090   Section        0  bootloader.o(.bss.BL_Host_Buffer)
    RoundKey                                 0x20000158   Data         176  aes_dec.o(.bss.RoundKey)
    [Anonymous Symbol]                       0x20000158   Section        0  aes_dec.o(.bss.RoundKey)
    Heap_Mem                                 0x200002c0   Data         512  startup_stm32f401xc.o(HEAP)
    HEAP                                     0x200002c0   Section      512  startup_stm32f401xc.o(HEAP)
    Stack_Mem                                0x200004c0   Data        1024  startup_stm32f401xc.o(STACK)
    STACK                                    0x200004c0   Section     1024  startup_stm32f401xc.o(STACK)
    __initial_sp                             0x200008c0   Data           0  startup_stm32f401xc.o(STACK)

    Global Symbols

    Symbol Name                              Value     Ov Type        Size  Object(Section)

    BuildAttributes$$THM_ISAv4$E$P$D$K$B$S$7EM$VFPi3$EXTD16$VFPS$VFMA$PE$A:L22UL41UL21$X:L11$S22US41US21$IEEE1$IW$~IW$USESV6$~STKCKD$USESV7$~SHL$OTIME$ROPI$IEEEJ$EBA8$UX$STANDARDLIB$REQ8$PRES8$EABIv2 0x00000000   Number         0  anon$$obj.o ABSOLUTE
    _printf_flags                            0x00000000   Number         0  printf_stubs.o ABSOLUTE
    _printf_return_value                     0x00000000   Number         0  printf_stubs.o ABSOLUTE
    _printf_sizespec                         0x00000000   Number         0  printf_stubs.o ABSOLUTE
    _printf_widthprec                        0x00000000   Number         0  printf_stubs.o ABSOLUTE
    __ARM_exceptions_init                     - Undefined Weak Reference
    __alloca_initialize                       - Undefined Weak Reference
    __arm_preinit_                            - Undefined Weak Reference
    __arm_relocate_pie_                       - Undefined Weak Reference
    __cpp_initialize__aeabi_                  - Undefined Weak Reference
    __cxa_finalize                            - Undefined Weak Reference
    __sigvec_lookup                           - Undefined Weak Reference
    __user_heap_extent                        - Undefined Weak Reference
    _atexit_init                              - Undefined Weak Reference
    _call_atexit_fns                          - Undefined Weak Reference
    _clock_init                               - Undefined Weak Reference
    _fp_trap_init                             - Undefined Weak Reference
    _fp_trap_shutdown                         - Undefined Weak Reference
    _get_lc_collate                           - Undefined Weak Reference
    _get_lc_monetary                          - Undefined Weak Reference
    _get_lc_time                              - Undefined Weak Reference
    _getenv_init                              - Undefined Weak Reference
    _handle_redirection                       - Undefined Weak Reference
    _mutex_acquire                            - Undefined Weak Reference
    _mutex_free                               - Undefined Weak Reference
    _mutex_release                            - Undefined Weak Reference
    _printf_mbtowc                            - Undefined Weak Reference
    _printf_wc                                - Undefined Weak Reference
    _rand_init                                - Undefined Weak Reference
    _signal_finish                            - Undefined Weak Reference
    _signal_init                              - Undefined Weak Reference
    __Vectors_Size                           0x00000194   Number         0  startup_stm32f401xc.o ABSOLUTE
    __Vectors                                0x08000000   Data           4  startup_stm32f401xc.o(RESET)
    __Vectors_End                            0x08000194   Data           0  startup_stm32f401xc.o(RESET)
    __main                                   0x08000195   Thumb Code     8  __main.o(!!!main)
    __scatterload                            0x0800019d   Thumb Code     0  __scatter.o(!!!scatter)
    __scatterload_rt2                        0x0800019d   Thumb Code    84  __scatter.o(!!!scatter)
    __scatterload_rt2_thumb_only             0x0800019d   Thumb Code     0  __scatter.o(!!!scatter)
    __scatterload_loop                       0x080001a7   Thumb Code     0  __scatter.o(!!!scatter)
    __scatterload_copy                       0x080001f9   Thumb Code    26  __scatter_copy.o(!!handler_copy)
    __scatterload_null                       0x08000215   Thumb Code     2  __scatter.o(!!handler_null)
    __scatterload_zeroinit                   0x08000219   Thumb Code    28  __scatter_zi.o(!!handler_zi)
    _printf_n                                0x08000235   Thumb Code     0  _printf_n.o(.ARM.Collect$$_printf_percent$$00000001)
    _printf_percent                          0x08000235   Thumb Code     0  _printf_percent.o(.ARM.Collect$$_printf_percent$$00000000)
    _printf_p                                0x0800023b   Thumb Code     0  _printf_p.o(.ARM.Collect$$_printf_percent$$00000002)
    _printf_f                                0x08000241   Thumb Code     0  _printf_f.o(.ARM.Collect$$_printf_percent$$00000003)
    _printf_e                                0x08000247   Thumb Code     0  _printf_e.o(.ARM.Collect$$_printf_percent$$00000004)
    _printf_g                                0x0800024d   Thumb Code     0  _printf_g.o(.ARM.Collect$$_printf_percent$$00000005)
    _printf_a                                0x08000253   Thumb Code     0  _printf_a.o(.ARM.Collect$$_printf_percent$$00000006)
    _printf_ll                               0x08000259   Thumb Code     0  _printf_ll.o(.ARM.Collect$$_printf_percent$$00000007)
    _printf_i                                0x08000263   Thumb Code     0  _printf_i.o(.ARM.Collect$$_printf_percent$$00000008)
    _printf_d                                0x08000269   Thumb Code     0  _printf_d.o(.ARM.Collect$$_printf_percent$$00000009)
    _printf_u                                0x0800026f   Thumb Code     0  _printf_u.o(.ARM.Collect$$_printf_percent$$0000000A)
    _printf_o                                0x08000275   Thumb Code     0  _printf_o.o(.ARM.Collect$$_printf_percent$$0000000B)
    _printf_x                                0x0800027b   Thumb Code     0  _printf_x.o(.ARM.Collect$$_printf_percent$$0000000C)
    _printf_lli                              0x08000281   Thumb Code     0  _printf_lli.o(.ARM.Collect$$_printf_percent$$0000000D)
    _printf_lld                              0x08000287   Thumb Code     0  _printf_lld.o(.ARM.Collect$$_printf_percent$$0000000E)
    _printf_llu                              0x0800028d   Thumb Code     0  _printf_llu.o(.ARM.Collect$$_printf_percent$$0000000F)
    _printf_llo                              0x08000293   Thumb Code     0  _printf_llo.o(.ARM.Collect$$_printf_percent$$00000010)
    _printf_llx                              0x08000299   Thumb Code     0  _printf_llx.o(.ARM.Collect$$_printf_percent$$00000011)
    _printf_l                                0x0800029f   Thumb Code     0  _printf_l.o(.ARM.Collect$$_printf_percent$$00000012)
    _printf_c                                0x080002a9   Thumb Code     0  _printf_c.o(.ARM.Collect$$_printf_percent$$00000013)
    _printf_s                                0x080002af   Thumb Code     0  _printf_s.o(.ARM.Collect$$_printf_percent$$00000014)
    _printf_lc                               0x080002b5   Thumb Code     0  _printf_lc.o(.ARM.Collect$$_printf_percent$$00000015)
    _printf_ls                               0x080002bb   Thumb Code     0  _printf_ls.o(.ARM.Collect$$_printf_percent$$00000016)
    _printf_percent_end                      0x080002c1   Thumb Code     0  _printf_percent_end.o(.ARM.Collect$$_printf_percent$$00000017)
    __rt_lib_init                            0x080002c5   Thumb Code     0  libinit.o(.ARM.Collect$$libinit$$00000000)
    __rt_lib_init_fp_1                       0x080002c7   Thumb Code     0  libinit2.o(.ARM.Collect$$libinit$$00000001)
    __rt_lib_init_heap_1                     0x080002cb   Thumb Code     0  libinit2.o(.ARM.Collect$$libinit$$0000000C)
    __rt_lib_init_lc_common                  0x080002cb   Thumb Code     0  libinit2.o(.ARM.Collect$$libinit$$00000011)
    __rt_lib_init_preinit_1                  0x080002cb   Thumb Code     0  libinit2.o(.ARM.Collect$$libinit$$00000006)
    __rt_lib_init_rand_1                     0x080002cb   Thumb Code     0  libinit2.o(.ARM.Collect$$libinit$$00000010)
    __rt_lib_init_relocate_pie_1             0x080002cb   Thumb Code     0  libinit2.o(.ARM.Collect$$libinit$$00000004)
    __rt_lib_init_user_alloc_1               0x080002cb   Thumb Code     0  libinit2.o(.ARM.Collect$$libinit$$0000000E)
    __rt_lib_init_lc_collate_1               0x080002d1   Thumb Code     0  libinit2.o(.ARM.Collect$$libinit$$00000013)
    __rt_lib_init_lc_ctype_2                 0x080002d1   Thumb Code     0  libinit2.o(.ARM.Collect$$libinit$$00000014)
    __rt_lib_init_lc_ctype_1                 0x080002dd   Thumb Code     0  libinit2.o(.ARM.Collect$$libinit$$00000015)
    __rt_lib_init_lc_monetary_1              0x080002dd   Thumb Code     0  libinit2.o(.ARM.Collect$$libinit$$00000017)
    __rt_lib_init_lc_numeric_2               0x080002dd   Thumb Code     0  libinit2.o(.ARM.Collect$$libinit$$00000018)
    __rt_lib_init_alloca_1                   0x080002e7   Thumb Code     0  libinit2.o(.ARM.Collect$$libinit$$00000030)
    __rt_lib_init_argv_1                     0x080002e7   Thumb Code     0  libinit2.o(.ARM.Collect$$libinit$$0000002E)
    __rt_lib_init_atexit_1                   0x080002e7   Thumb Code     0  libinit2.o(.ARM.Collect$$libinit$$0000001D)
    __rt_lib_init_clock_1                    0x080002e7   Thumb Code     0  libinit2.o(.ARM.Collect$$libinit$$00000023)
    __rt_lib_init_cpp_1                      0x080002e7   Thumb Code     0  libinit2.o(.ARM.Collect$$libinit$$00000034)
    __rt_lib_init_exceptions_1               0x080002e7   Thumb Code     0  libinit2.o(.ARM.Collect$$libinit$$00000032)
    __rt_lib_init_fp_trap_1                  0x080002e7   Thumb Code     0  libinit2.o(.ARM.Collect$$libinit$$00000021)
    __rt_lib_init_getenv_1                   0x080002e7   Thumb Code     0  libinit2.o(.ARM.Collect$$libinit$$00000025)
    __rt_lib_init_lc_numeric_1               0x080002e7   Thumb Code     0  libinit2.o(.ARM.Collect$$libinit$$00000019)
    __rt_lib_init_lc_time_1                  0x080002e7   Thumb Code     0  libinit2.o(.ARM.Collect$$libinit$$0000001B)
    __rt_lib_init_return                     0x080002e7   Thumb Code     0  libinit2.o(.ARM.Collect$$libinit$$00000035)
    __rt_lib_init_signal_1                   0x080002e7   Thumb Code     0  libinit2.o(.ARM.Collect$$libinit$$0000001F)
    __rt_lib_init_stdio_1                    0x080002e7   Thumb Code     0  libinit2.o(.ARM.Collect$$libinit$$00000027)
    __rt_lib_shutdown                        0x080002e9   Thumb Code     0  libshutdown.o(.ARM.Collect$$libshutdown$$00000000)
    __rt_lib_shutdown_cpp_1                  0x080002eb   Thumb Code     0  libshutdown2.o(.ARM.Collect$$libshutdown$$00000002)
    __rt_lib_shutdown_fp_trap_1              0x080002eb   Thumb Code     0  libshutdown2.o(.ARM.Collect$$libshutdown$$00000007)
    __rt_lib_shutdown_heap_1                 0x080002eb   Thumb Code     0  libshutdown2.o(.ARM.Collect$$libshutdown$$0000000F)
    __rt_lib_shutdown_return                 0x080002eb   Thumb Code     0  libshutdown2.o(.ARM.Collect$$libshutdown$$00000010)
    __rt_lib_shutdown_signal_1               0x080002eb   Thumb Code     0  libshutdown2.o(.ARM.Collect$$libshutdown$$0000000A)
    __rt_lib_shutdown_stdio_1                0x080002eb   Thumb Code     0  libshutdown2.o(.ARM.Collect$$libshutdown$$00000004)
    __rt_lib_shutdown_user_alloc_1           0x080002eb   Thumb Code     0  libshutdown2.o(.ARM.Collect$$libshutdown$$0000000C)
    __rt_entry                               0x080002ed   Thumb Code     0  __rtentry.o(.ARM.Collect$$rtentry$$00000000)
    __rt_entry_presh_1                       0x080002ed   Thumb Code     0  __rtentry2.o(.ARM.Collect$$rtentry$$00000002)
    __rt_entry_sh                            0x080002ed   Thumb Code     0  __rtentry4.o(.ARM.Collect$$rtentry$$00000004)
    __rt_entry_li                            0x080002f3   Thumb Code     0  __rtentry2.o(.ARM.Collect$$rtentry$$0000000A)
    __rt_entry_postsh_1                      0x080002f3   Thumb Code     0  __rtentry2.o(.ARM.Collect$$rtentry$$00000009)
    __rt_entry_main                          0x080002f7   Thumb Code     0  __rtentry2.o(.ARM.Collect$$rtentry$$0000000D)
    __rt_entry_postli_1                      0x080002f7   Thumb Code     0  __rtentry2.o(.ARM.Collect$$rtentry$$0000000C)
    __rt_exit                                0x080002ff   Thumb Code     0  rtexit.o(.ARM.Collect$$rtexit$$00000000)
    __rt_exit_ls                             0x08000301   Thumb Code     0  rtexit2.o(.ARM.Collect$$rtexit$$00000003)
    __rt_exit_prels_1                        0x08000301   Thumb Code     0  rtexit2.o(.ARM.Collect$$rtexit$$00000002)
    __rt_exit_exit                           0x08000305   Thumb Code     0  rtexit2.o(.ARM.Collect$$rtexit$$00000004)
    Reset_Handler                            0x0800030d   Thumb Code     8  startup_stm32f401xc.o(.text)
    ADC_IRQHandler                           0x08000327   Thumb Code     0  startup_stm32f401xc.o(.text)
    DMA1_Stream0_IRQHandler                  0x08000327   Thumb Code     0  startup_stm32f401xc.o(.text)
    DMA1_Stream1_IRQHandler                  0x08000327   Thumb Code     0  startup_stm32f401xc.o(.text)
    DMA1_Stream2_IRQHandler                  0x08000327   Thumb Code     0  startup_stm32f401xc.o(.text)
    DMA1_Stream3_IRQHandler                  0x08000327   Thumb Code     0  startup_stm32f401xc.o(.text)
    DMA1_Stream4_IRQHandler                  0x08000327   Thumb Code     0  startup_stm32f401xc.o(.text)
    DMA1_Stream5_IRQHandler                  0x08000327   Thumb Code     0  startup_stm32f401xc.o(.text)
    DMA1_Stream6_IRQHandler                  0x08000327   Thumb Code     0  startup_stm32f401xc.o(.text)
    DMA1_Stream7_IRQHandler                  0x08000327   Thumb Code     0  startup_stm32f401xc.o(.text)
    DMA2_Stream0_IRQHandler                  0x08000327   Thumb Code     0  startup_stm32f401xc.o(.text)
    DMA2_Stream1_IRQHandler                  0x08000327   Thumb Code     0  startup_stm32f401xc.o(.text)
    DMA2_Stream2_IRQHandler                  0x08000327   Thumb Code     0  startup_stm32f401xc.o(.text)
    DMA2_Stream3_IRQHandler                  0x08000327   Thumb Code     0  startup_stm32f401xc.o(.text)
    DMA2_Stream4_IRQHandler                  0x08000327   Thumb Code     0  startup_stm32f401xc.o(.text)
    DMA2_Stream5_IRQHandler                  0x08000327   Thumb Code     0  startup_stm32f401xc.o(.text)
    DMA2_Stream6_IRQHandler                  0x08000327   Thumb Code     0  startup_stm32f401xc.o(.text)
    DMA2_Stream7_IRQHandler                  0x08000327   Thumb Code     0  startup_stm32f401xc.o(.text)
    EXTI0_IRQHandler                         0x08000327   Thumb Code     0  startup_stm32f401xc.o(.text)
    EXTI15_10_IRQHandler                     0x08000327   Thumb Code     0  startup_stm32f401xc.o(.text)
    EXTI1_IRQHandler                         0x08000327   Thumb Code     0  startup_stm32f401xc.o(.text)
    EXTI2_IRQHandler                         0x08000327   Thumb Code     0  startup_stm32f401xc.o(.text)
    EXTI3_IRQHandler                         0x08000327   Thumb Code     0  startup_stm32f401xc.o(.text)
    EXTI4_IRQHandler                         0x08000327   Thumb Code     0  startup_stm32f401xc.o(.text)
    EXTI9_5_IRQHandler                       0x08000327   Thumb Code     0  startup_stm32f401xc.o(.text)
    FLASH_IRQHandler                         0x08000327   Thumb Code     0  startup_stm32f401xc.o(.text)
    FPU_IRQHandler                           0x08000327   Thumb Code     0  startup_stm32f401xc.o(.text)
    I2C1_ER_IRQHandler                       0x08000327   Thumb Code     0  startup_stm32f401xc.o(.text)
    I2C1_EV_IRQHandler                       0x08000327   Thumb Code     0  startup_stm32f401xc.o(.text)
    I2C2_ER_IRQHandler                       0x08000327   Thumb Code     0  startup_stm32f401xc.o(.text)
    I2C2_EV_IRQHandler                       0x08000327   Thumb Code     0  startup_stm32f401xc.o(.text)
    I2C3_ER_IRQHandler                       0x08000327   Thumb Code     0  startup_stm32f401xc.o(.text)
    I2C3_EV_IRQHandler                       0x08000327   Thumb Code     0  startup_stm32f401xc.o(.text)
    OTG_FS_IRQHandler                        0x08000327   Thumb Code     0  startup_stm32f401xc.o(.text)
    OTG_FS_WKUP_IRQHandler                   0x08000327   Thumb Code     0  startup_stm32f401xc.o(.text)
    PVD_IRQHandler                           0x08000327   Thumb Code     0  startup_stm32f401xc.o(.text)
    RCC_IRQHandler                           0x08000327   Thumb Code     0  startup_stm32f401xc.o(.text)
    RTC_Alarm_IRQHandler                     0x08000327   Thumb Code     0  startup_stm32f401xc.o(.text)
    RTC_WKUP_IRQHandler                      0x08000327   Thumb Code     0  startup_stm32f401xc.o(.text)
    SDIO_IRQHandler                          0x08000327   Thumb Code     0  startup_stm32f401xc.o(.text)
    SPI1_IRQHandler                          0x08000327   Thumb Code     0  startup_stm32f401xc.o(.text)
    SPI2_IRQHandler                          0x08000327   Thumb Code     0  startup_stm32f401xc.o(.text)
    SPI3_IRQHandler                          0x08000327   Thumb Code     0  startup_stm32f401xc.o(.text)
    SPI4_IRQHandler                          0x08000327   Thumb Code     0  startup_stm32f401xc.o(.text)
    TAMP_STAMP_IRQHandler                    0x08000327   Thumb Code     0  startup_stm32f401xc.o(.text)
    TIM1_BRK_TIM9_IRQHandler                 0x08000327   Thumb Code     0  startup_stm32f401xc.o(.text)
    TIM1_CC_IRQHandler                       0x08000327   Thumb Code     0  startup_stm32f401xc.o(.text)
    TIM1_TRG_COM_TIM11_IRQHandler            0x08000327   Thumb Code     0  startup_stm32f401xc.o(.text)
    TIM1_UP_TIM10_IRQHandler                 0x08000327   Thumb Code     0  startup_stm32f401xc.o(.text)
    TIM2_IRQHandler                          0x08000327   Thumb Code     0  startup_stm32f401xc.o(.text)
    TIM3_IRQHandler                          0x08000327   Thumb Code     0  startup_stm32f401xc.o(.text)
    TIM4_IRQHandler                          0x08000327   Thumb Code     0  startup_stm32f401xc.o(.text)
    TIM5_IRQHandler                          0x08000327   Thumb Code     0  startup_stm32f401xc.o(.text)
    USART1_IRQHandler                        0x08000327   Thumb Code     0  startup_stm32f401xc.o(.text)
    USART2_IRQHandler                        0x08000327   Thumb Code     0  startup_stm32f401xc.o(.text)
    USART6_IRQHandler                        0x08000327   Thumb Code     0  startup_stm32f401xc.o(.text)
    WWDG_IRQHandler                          0x08000327   Thumb Code     0  startup_stm32f401xc.o(.text)
    __user_initial_stackheap                 0x08000329   Thumb Code     0  startup_stm32f401xc.o(.text)
    __aeabi_uldivmod                         0x0800034d   Thumb Code     0  lludivv7m.o(.text)
    _ll_udiv                                 0x0800034d   Thumb Code   240  lludivv7m.o(.text)
    vsprintf                                 0x0800043d   Thumb Code    32  vsprintf.o(.text)
    __aeabi_memclr4                          0x08000461   Thumb Code     0  rt_memclr_w.o(.text)
    __aeabi_memclr8                          0x08000461   Thumb Code     0  rt_memclr_w.o(.text)
    __rt_memclr_w                            0x08000461   Thumb Code     0  rt_memclr_w.o(.text)
    _memset_w                                0x08000465   Thumb Code    74  rt_memclr_w.o(.text)
    __use_two_region_memory                  0x080004af   Thumb Code     2  heapauxi.o(.text)
    __rt_heap_escrow                         0x080004b1   Thumb Code     2  heapauxi.o(.text)
    __rt_heap_expand                         0x080004b3   Thumb Code     2  heapauxi.o(.text)
    _printf_pre_padding                      0x080004b5   Thumb Code    44  _printf_pad.o(.text)
    _printf_post_padding                     0x080004e1   Thumb Code    34  _printf_pad.o(.text)
    _printf_truncate_signed                  0x08000503   Thumb Code    18  _printf_truncate.o(.text)
    _printf_truncate_unsigned                0x08000515   Thumb Code    18  _printf_truncate.o(.text)
    _printf_str                              0x08000527   Thumb Code    82  _printf_str.o(.text)
    _printf_int_dec                          0x08000579   Thumb Code   104  _printf_dec.o(.text)
    _printf_charcount                        0x080005f1   Thumb Code    40  _printf_charcount.o(.text)
    _printf_char_common                      0x08000623   Thumb Code    32  _printf_char_common.o(.text)
    _sputc                                   0x08000649   Thumb Code    10  _sputc.o(.text)
    _printf_wctomb                           0x08000655   Thumb Code   182  _printf_wctomb.o(.text)
    _printf_longlong_dec                     0x08000711   Thumb Code   108  _printf_longlong_dec.o(.text)
    _printf_longlong_oct                     0x0800078d   Thumb Code    68  _printf_oct_int_ll.o(.text)
    _printf_int_oct                          0x080007d1   Thumb Code    24  _printf_oct_int_ll.o(.text)
    _printf_ll_oct                           0x080007e9   Thumb Code    12  _printf_oct_int_ll.o(.text)
    _printf_longlong_hex                     0x080007fd   Thumb Code    86  _printf_hex_int_ll_ptr.o(.text)
    _printf_int_hex                          0x08000853   Thumb Code    28  _printf_hex_int_ll_ptr.o(.text)
    _printf_ll_hex                           0x0800086f   Thumb Code    12  _printf_hex_int_ll_ptr.o(.text)
    _printf_hex_ptr                          0x0800087b   Thumb Code    18  _printf_hex_int_ll_ptr.o(.text)
    __printf                                 0x08000891   Thumb Code   388  __printf_flags_ss_wp.o(.text)
    __user_libspace                          0x08000a19   Thumb Code     8  libspace.o(.text)
    __user_perproc_libspace                  0x08000a19   Thumb Code     0  libspace.o(.text)
    __user_perthread_libspace                0x08000a19   Thumb Code     0  libspace.o(.text)
    __I$use$semihosting                      0x08000a21   Thumb Code     0  use_no_semi.o(.text)
    __use_no_semihosting_swi                 0x08000a21   Thumb Code     2  use_no_semi.o(.text)
    __semihosting_library_function           0x08000a23   Thumb Code     0  indicate_semi.o(.text)
    _ll_udiv10                               0x08000a23   Thumb Code   138  lludiv10.o(.text)
    _printf_int_common                       0x08000aad   Thumb Code   178  _printf_intcommon.o(.text)
    _printf_fp_dec_real                      0x08000d0f   Thumb Code   620  _printf_fp_dec.o(.text)
    _printf_fp_hex_real                      0x08000f7d   Thumb Code   756  _printf_fp_hex.o(.text)
    _printf_cs_common                        0x08001279   Thumb Code    20  _printf_char.o(.text)
    _printf_char                             0x0800128d   Thumb Code    16  _printf_char.o(.text)
    _printf_string                           0x0800129d   Thumb Code     8  _printf_char.o(.text)
    _printf_lcs_common                       0x080012a5   Thumb Code    20  _printf_wchar.o(.text)
    _printf_wchar                            0x080012b9   Thumb Code    16  _printf_wchar.o(.text)
    _printf_wstring                          0x080012c9   Thumb Code     8  _printf_wchar.o(.text)
    _c16rtomb                                0x080012d1   Thumb Code    72  _c16rtomb.o(.text)
    _wcrtomb                                 0x080012d1   Thumb Code     0  _c16rtomb.o(.text)
    __user_setup_stackheap                   0x08001319   Thumb Code    74  sys_stackheap_outer.o(.text)
    __rt_ctype_table                         0x08001365   Thumb Code    16  rt_ctype_table.o(.text)
    __rt_locale                              0x08001375   Thumb Code     8  rt_locale_intlibspace.o(.text)
    _printf_fp_infnan                        0x0800137d   Thumb Code   112  _printf_fp_infnan.o(.text)
    _btod_etento                             0x080013fd   Thumb Code   224  bigflt0.o(.text)
    exit                                     0x080014e1   Thumb Code    18  exit.o(.text)
    _sys_exit                                0x080014f5   Thumb Code     8  sys_exit.o(.text)
    strcmp                                   0x08001501   Thumb Code   124  strcmpv7em.o(.text)
    AES_decrypt_block                        0x0800157d   Thumb Code   876  aes_dec.o(.text.AES_decrypt_block)
    AES_decrypt_buffer                       0x080018e9   Thumb Code   114  aes_dec.o(.text.AES_decrypt_buffer)
    BL_Print_Message                         0x0800195d   Thumb Code    66  bootloader.o(.text.BL_Print_Message)
    BL_UART_Featch_Host_Command              0x080019a1   Thumb Code   312  bootloader.o(.text.BL_UART_Featch_Host_Command)
    BusFault_Handler                         0x08002359   Thumb Code     2  stm32f4xx_it.o(.text.BusFault_Handler)
    DebugMon_Handler                         0x0800235d   Thumb Code     2  stm32f4xx_it.o(.text.DebugMon_Handler)
    Error_Handler                            0x08002361   Thumb Code    10  main.o(.text.Error_Handler)
    FLASH_WaitForLastOperation               0x0800236d   Thumb Code   278  stm32f4xx_hal_flash.o(.text.FLASH_WaitForLastOperation)
    HAL_CRC_Accumulate                       0x08002485   Thumb Code   108  stm32f4xx_hal_crc.o(.text.HAL_CRC_Accumulate)
    HAL_CRC_Init                             0x080024f1   Thumb Code    42  stm32f4xx_hal_crc.o(.text.HAL_CRC_Init)
    HAL_CRC_MspInit                          0x0800251d   Thumb Code    48  crc.o(.text.HAL_CRC_MspInit)
    HAL_FLASHEx_Erase                        0x0800254d   Thumb Code   394  stm32f4xx_hal_flash_ex.o(.text.HAL_FLASHEx_Erase)
    HAL_FLASHEx_OBGetConfig                  0x080026d9   Thumb Code    56  stm32f4xx_hal_flash_ex.o(.text.HAL_FLASHEx_OBGetConfig)
    HAL_FLASHEx_OBProgram                    0x08002711   Thumb Code   184  stm32f4xx_hal_flash_ex.o(.text.HAL_FLASHEx_OBProgram)
    HAL_FLASH_Lock                           0x080027c9   Thumb Code    20  stm32f4xx_hal_flash.o(.text.HAL_FLASH_Lock)
    HAL_FLASH_OB_Launch                      0x080027dd   Thumb Code    24  stm32f4xx_hal_flash.o(.text.HAL_FLASH_OB_Launch)
    HAL_FLASH_OB_Lock                        0x080027f5   Thumb Code    20  stm32f4xx_hal_flash.o(.text.HAL_FLASH_OB_Lock)
    HAL_FLASH_OB_Unlock                      0x08002809   Thumb Code    42  stm32f4xx_hal_flash.o(.text.HAL_FLASH_OB_Unlock)
    HAL_FLASH_Program                        0x08002835   Thumb Code   288  stm32f4xx_hal_flash.o(.text.HAL_FLASH_Program)
    HAL_FLASH_Unlock                         0x08002955   Thumb Code    46  stm32f4xx_hal_flash.o(.text.HAL_FLASH_Unlock)
    HAL_GPIO_Init                            0x08002985   Thumb Code   410  stm32f4xx_hal_gpio.o(.text.HAL_GPIO_Init)
    HAL_GPIO_WritePin                        0x08002b21   Thumb Code    10  stm32f4xx_hal_gpio.o(.text.HAL_GPIO_WritePin)
    HAL_GetTick                              0x08002b2d   Thumb Code    12  stm32f4xx_hal.o(.text.HAL_GetTick)
    HAL_IncTick                              0x08002b39   Thumb Code    26  stm32f4xx_hal.o(.text.HAL_IncTick)
    HAL_Init                                 0x08002b55   Thumb Code    54  stm32f4xx_hal.o(.text.HAL_Init)
    HAL_InitTick                             0x08002b8d   Thumb Code    72  stm32f4xx_hal.o(.text.HAL_InitTick)
    HAL_MspInit                              0x08002bd5   Thumb Code    56  stm32f4xx_hal_msp.o(.text.HAL_MspInit)
    HAL_NVIC_SetPriority                     0x08002c0d   Thumb Code    86  stm32f4xx_hal_cortex.o(.text.HAL_NVIC_SetPriority)
    HAL_NVIC_SetPriorityGrouping             0x08002c65   Thumb Code    32  stm32f4xx_hal_cortex.o(.text.HAL_NVIC_SetPriorityGrouping)
    HAL_RCC_ClockConfig                      0x08002c85   Thumb Code   356  stm32f4xx_hal_rcc.o(.text.HAL_RCC_ClockConfig)
    HAL_RCC_DeInit                           0x08002de9   Thumb Code   296  stm32f4xx_hal_rcc_ex.o(.text.HAL_RCC_DeInit)
    HAL_RCC_GetPCLK1Freq                     0x08002f11   Thumb Code    38  stm32f4xx_hal_rcc.o(.text.HAL_RCC_GetPCLK1Freq)
    HAL_RCC_GetPCLK2Freq                     0x08002f39   Thumb Code    38  stm32f4xx_hal_rcc.o(.text.HAL_RCC_GetPCLK2Freq)
    HAL_RCC_GetSysClockFreq                  0x08002f61   Thumb Code   106  stm32f4xx_hal_rcc.o(.text.HAL_RCC_GetSysClockFreq)
    HAL_RCC_OscConfig                        0x08002fcd   Thumb Code   944  stm32f4xx_hal_rcc.o(.text.HAL_RCC_OscConfig)
    HAL_SYSTICK_Config                       0x0800337d   Thumb Code    44  stm32f4xx_hal_cortex.o(.text.HAL_SYSTICK_Config)
    HAL_UART_Init                            0x080033a9   Thumb Code    94  stm32f4xx_hal_uart.o(.text.HAL_UART_Init)
    HAL_UART_MspInit                         0x08003409   Thumb Code   186  usart.o(.text.HAL_UART_MspInit)
    HAL_UART_Receive                         0x080034c5   Thumb Code   442  stm32f4xx_hal_uart.o(.text.HAL_UART_Receive)
    HAL_UART_Transmit                        0x08003681   Thumb Code   646  stm32f4xx_hal_uart.o(.text.HAL_UART_Transmit)
    HardFault_Handler                        0x08003909   Thumb Code     2  stm32f4xx_it.o(.text.HardFault_Handler)
    InvMixCol                                0x0800390d   Thumb Code   396  aes_dec.o(.text.InvMixCol)
    KeyExpansion                             0x08003a99   Thumb Code   146  aes_dec.o(.text.KeyExpansion)
    MX_CRC_Init                              0x08003b2d   Thumb Code    38  crc.o(.text.MX_CRC_Init)
    MX_GPIO_Init                             0x08003b55   Thumb Code   102  gpio.o(.text.MX_GPIO_Init)
    MX_USART2_UART_Init                      0x08003bbd   Thumb Code    60  usart.o(.text.MX_USART2_UART_Init)
    MX_USART6_UART_Init                      0x08003bf9   Thumb Code    60  usart.o(.text.MX_USART6_UART_Init)
    MemManage_Handler                        0x08003c35   Thumb Code     2  stm32f4xx_it.o(.text.MemManage_Handler)
    NMI_Handler                              0x08003c39   Thumb Code     2  stm32f4xx_it.o(.text.NMI_Handler)
    PendSV_Handler                           0x08003c3d   Thumb Code     2  stm32f4xx_it.o(.text.PendSV_Handler)
    ReverseBytesInWords                      0x08003c41   Thumb Code   320  aes_dec.o(.text.ReverseBytesInWords)
    SVC_Handler                              0x08003d81   Thumb Code     2  stm32f4xx_it.o(.text.SVC_Handler)
    SysTick_Handler                          0x08003d85   Thumb Code     4  stm32f4xx_it.o(.text.SysTick_Handler)
    SystemInit                               0x08003d89   Thumb Code    26  system_stm32f4xx.o(.text.SystemInit)
    UsageFault_Handler                       0x080040a1   Thumb Code     2  stm32f4xx_it.o(.text.UsageFault_Handler)
    main                                     0x080040a5   Thumb Code   200  main.o(.text.main)
    _btod_d2e                                0x08004185   Thumb Code    62  btod.o(CL$$btod_d2e)
    _d2e_denorm_low                          0x080041c3   Thumb Code    70  btod.o(CL$$btod_d2e_denorm_low)
    _d2e_norm_op1                            0x08004209   Thumb Code    96  btod.o(CL$$btod_d2e_norm_op1)
    __btod_div_common                        0x08004269   Thumb Code   696  btod.o(CL$$btod_div_common)
    _e2e                                     0x080045a1   Thumb Code   220  btod.o(CL$$btod_e2e)
    _btod_ediv                               0x0800467d   Thumb Code    42  btod.o(CL$$btod_ediv)
    _btod_emul                               0x080046a7   Thumb Code    42  btod.o(CL$$btod_emul)
    __btod_mult_common                       0x080046d1   Thumb Code   580  btod.o(CL$$btod_mult_common)
    __ARM_fpclassify                         0x08004915   Thumb Code    48  fpclassify.o(i.__ARM_fpclassify)
    _is_digit                                0x08004945   Thumb Code    14  __printf_wp.o(i._is_digit)
    _get_lc_numeric                          0x08004955   Thumb Code    44  lc_numeric_c.o(locale$$code)
    _get_lc_ctype                            0x08004981   Thumb Code    44  lc_ctype_c.o(locale$$code)
    _fp_init                                 0x080049ad   Thumb Code    26  fpinit.o(x$fpl$fpinit)
    __fplib_config_fpu_vfp                   0x080049c5   Thumb Code     0  fpinit.o(x$fpl$fpinit)
    __fplib_config_pureend_doubles           0x080049c5   Thumb Code     0  fpinit.o(x$fpl$fpinit)
    _printf_fp_dec                           0x080049c7   Thumb Code     4  printf1.o(x$fpl$printf1)
    _printf_fp_hex                           0x080049cb   Thumb Code     4  printf2.o(x$fpl$printf2)
    __I$use$fp                               0x080049ce   Number         0  usenofp.o(x$fpl$usenofp)
    AHBPrescTable                            0x08004acc   Data          16  system_stm32f4xx.o(.rodata.AHBPrescTable)
    APBPrescTable                            0x08004adc   Data           8  system_stm32f4xx.o(.rodata.APBPrescTable)
    Region$$Table$$Base                      0x08004eb0   Number         0  anon$$obj.o(Region$$Table)
    Region$$Table$$Limit                     0x08004ed0   Number         0  anon$$obj.o(Region$$Table)
    __ctype                                  0x08004ef9   Data           0  lc_ctype_c.o(locale$$data)
    uwTickFreq                               0x20000000   Data           1  stm32f4xx_hal.o(.data..L_MergedGlobals)
    uwTickPrio                               0x20000004   Data           4  stm32f4xx_hal.o(.data..L_MergedGlobals)
    SystemCoreClock                          0x20000014   Data           4  system_stm32f4xx.o(.data.SystemCoreClock)
    success                                  0x20000028   Data           1  bootloader.o(.data.success)
    __libspace_start                         0x20000030   Data          96  libspace.o(.bss)
    __temporary_stack_top$libspace           0x20000090   Data           0  libspace.o(.bss)
    hcrc                                     0x20000208   Data           8  crc.o(.bss.hcrc)
    huart2                                   0x20000210   Data          68  usart.o(.bss.huart2)
    huart6                                   0x20000254   Data          68  usart.o(.bss.huart6)
    pFlash                                   0x20000298   Data          32  stm32f4xx_hal_flash.o(.bss.pFlash)
    status                                   0x200002b8   Data           1  main.o(.bss.status)
    uwTick                                   0x200002bc   Data           4  stm32f4xx_hal.o(.bss.uwTick)



==============================================================================

Memory Map of the image

  Image Entry point : 0x08000195

  Load Region LR_IROM1 (Base: 0x08000000, Size: 0x00005030, Max: 0x00040000, ABSOLUTE)

    Execution Region ER_IROM1 (Exec base: 0x08000000, Load base: 0x08000000, Size: 0x00004ffc, Max: 0x00040000, ABSOLUTE)

    Exec Addr    Load Addr    Size         Type   Attr      Idx    E Section Name        Object

    0x08000000   0x08000000   0x00000194   Data   RO            3    RESET               startup_stm32f401xc.o
    0x08000194   0x08000194   0x00000008   Code   RO          842  * !!!main             c_w.l(__main.o)
    0x0800019c   0x0800019c   0x0000005c   Code   RO         1332    !!!scatter          c_w.l(__scatter.o)
    0x080001f8   0x080001f8   0x0000001a   Code   RO         1336    !!handler_copy      c_w.l(__scatter_copy.o)
    0x08000212   0x08000212   0x00000002   PAD
    0x08000214   0x08000214   0x00000002   Code   RO         1333    !!handler_null      c_w.l(__scatter.o)
    0x08000216   0x08000216   0x00000002   PAD
    0x08000218   0x08000218   0x0000001c   Code   RO         1338    !!handler_zi        c_w.l(__scatter_zi.o)
    0x08000234   0x08000234   0x00000000   Code   RO          966    .ARM.Collect$$_printf_percent$$00000000  c_w.l(_printf_percent.o)
    0x08000234   0x08000234   0x00000006   Code   RO          955    .ARM.Collect$$_printf_percent$$00000001  c_w.l(_printf_n.o)
    0x0800023a   0x0800023a   0x00000006   Code   RO          957    .ARM.Collect$$_printf_percent$$00000002  c_w.l(_printf_p.o)
    0x08000240   0x08000240   0x00000006   Code   RO          962    .ARM.Collect$$_printf_percent$$00000003  c_w.l(_printf_f.o)
    0x08000246   0x08000246   0x00000006   Code   RO          963    .ARM.Collect$$_printf_percent$$00000004  c_w.l(_printf_e.o)
    0x0800024c   0x0800024c   0x00000006   Code   RO          964    .ARM.Collect$$_printf_percent$$00000005  c_w.l(_printf_g.o)
    0x08000252   0x08000252   0x00000006   Code   RO          965    .ARM.Collect$$_printf_percent$$00000006  c_w.l(_printf_a.o)
    0x08000258   0x08000258   0x0000000a   Code   RO          970    .ARM.Collect$$_printf_percent$$00000007  c_w.l(_printf_ll.o)
    0x08000262   0x08000262   0x00000006   Code   RO          959    .ARM.Collect$$_printf_percent$$00000008  c_w.l(_printf_i.o)
    0x08000268   0x08000268   0x00000006   Code   RO          960    .ARM.Collect$$_printf_percent$$00000009  c_w.l(_printf_d.o)
    0x0800026e   0x0800026e   0x00000006   Code   RO          961    .ARM.Collect$$_printf_percent$$0000000A  c_w.l(_printf_u.o)
    0x08000274   0x08000274   0x00000006   Code   RO          958    .ARM.Collect$$_printf_percent$$0000000B  c_w.l(_printf_o.o)
    0x0800027a   0x0800027a   0x00000006   Code   RO          956    .ARM.Collect$$_printf_percent$$0000000C  c_w.l(_printf_x.o)
    0x08000280   0x08000280   0x00000006   Code   RO          967    .ARM.Collect$$_printf_percent$$0000000D  c_w.l(_printf_lli.o)
    0x08000286   0x08000286   0x00000006   Code   RO          968    .ARM.Collect$$_printf_percent$$0000000E  c_w.l(_printf_lld.o)
    0x0800028c   0x0800028c   0x00000006   Code   RO          969    .ARM.Collect$$_printf_percent$$0000000F  c_w.l(_printf_llu.o)
    0x08000292   0x08000292   0x00000006   Code   RO          974    .ARM.Collect$$_printf_percent$$00000010  c_w.l(_printf_llo.o)
    0x08000298   0x08000298   0x00000006   Code   RO          975    .ARM.Collect$$_printf_percent$$00000011  c_w.l(_printf_llx.o)
    0x0800029e   0x0800029e   0x0000000a   Code   RO          971    .ARM.Collect$$_printf_percent$$00000012  c_w.l(_printf_l.o)
    0x080002a8   0x080002a8   0x00000006   Code   RO          953    .ARM.Collect$$_printf_percent$$00000013  c_w.l(_printf_c.o)
    0x080002ae   0x080002ae   0x00000006   Code   RO          954    .ARM.Collect$$_printf_percent$$00000014  c_w.l(_printf_s.o)
    0x080002b4   0x080002b4   0x00000006   Code   RO          972    .ARM.Collect$$_printf_percent$$00000015  c_w.l(_printf_lc.o)
    0x080002ba   0x080002ba   0x00000006   Code   RO          973    .ARM.Collect$$_printf_percent$$00000016  c_w.l(_printf_ls.o)
    0x080002c0   0x080002c0   0x00000004   Code   RO         1116    .ARM.Collect$$_printf_percent$$00000017  c_w.l(_printf_percent_end.o)
    0x080002c4   0x080002c4   0x00000002   Code   RO         1243    .ARM.Collect$$libinit$$00000000  c_w.l(libinit.o)
    0x080002c6   0x080002c6   0x00000004   Code   RO         1007    .ARM.Collect$$libinit$$00000001  c_w.l(libinit2.o)
    0x080002ca   0x080002ca   0x00000000   Code   RO         1010    .ARM.Collect$$libinit$$00000004  c_w.l(libinit2.o)
    0x080002ca   0x080002ca   0x00000000   Code   RO         1012    .ARM.Collect$$libinit$$00000006  c_w.l(libinit2.o)
    0x080002ca   0x080002ca   0x00000000   Code   RO         1015    .ARM.Collect$$libinit$$0000000C  c_w.l(libinit2.o)
    0x080002ca   0x080002ca   0x00000000   Code   RO         1017    .ARM.Collect$$libinit$$0000000E  c_w.l(libinit2.o)
    0x080002ca   0x080002ca   0x00000000   Code   RO         1019    .ARM.Collect$$libinit$$00000010  c_w.l(libinit2.o)
    0x080002ca   0x080002ca   0x00000006   Code   RO         1020    .ARM.Collect$$libinit$$00000011  c_w.l(libinit2.o)
    0x080002d0   0x080002d0   0x00000000   Code   RO         1022    .ARM.Collect$$libinit$$00000013  c_w.l(libinit2.o)
    0x080002d0   0x080002d0   0x0000000c   Code   RO         1023    .ARM.Collect$$libinit$$00000014  c_w.l(libinit2.o)
    0x080002dc   0x080002dc   0x00000000   Code   RO         1024    .ARM.Collect$$libinit$$00000015  c_w.l(libinit2.o)
    0x080002dc   0x080002dc   0x00000000   Code   RO         1026    .ARM.Collect$$libinit$$00000017  c_w.l(libinit2.o)
    0x080002dc   0x080002dc   0x0000000a   Code   RO         1027    .ARM.Collect$$libinit$$00000018  c_w.l(libinit2.o)
    0x080002e6   0x080002e6   0x00000000   Code   RO         1028    .ARM.Collect$$libinit$$00000019  c_w.l(libinit2.o)
    0x080002e6   0x080002e6   0x00000000   Code   RO         1030    .ARM.Collect$$libinit$$0000001B  c_w.l(libinit2.o)
    0x080002e6   0x080002e6   0x00000000   Code   RO         1032    .ARM.Collect$$libinit$$0000001D  c_w.l(libinit2.o)
    0x080002e6   0x080002e6   0x00000000   Code   RO         1034    .ARM.Collect$$libinit$$0000001F  c_w.l(libinit2.o)
    0x080002e6   0x080002e6   0x00000000   Code   RO         1036    .ARM.Collect$$libinit$$00000021  c_w.l(libinit2.o)
    0x080002e6   0x080002e6   0x00000000   Code   RO         1038    .ARM.Collect$$libinit$$00000023  c_w.l(libinit2.o)
    0x080002e6   0x080002e6   0x00000000   Code   RO         1040    .ARM.Collect$$libinit$$00000025  c_w.l(libinit2.o)
    0x080002e6   0x080002e6   0x00000000   Code   RO         1042    .ARM.Collect$$libinit$$00000027  c_w.l(libinit2.o)
    0x080002e6   0x080002e6   0x00000000   Code   RO         1046    .ARM.Collect$$libinit$$0000002E  c_w.l(libinit2.o)
    0x080002e6   0x080002e6   0x00000000   Code   RO         1048    .ARM.Collect$$libinit$$00000030  c_w.l(libinit2.o)
    0x080002e6   0x080002e6   0x00000000   Code   RO         1050    .ARM.Collect$$libinit$$00000032  c_w.l(libinit2.o)
    0x080002e6   0x080002e6   0x00000000   Code   RO         1052    .ARM.Collect$$libinit$$00000034  c_w.l(libinit2.o)
    0x080002e6   0x080002e6   0x00000002   Code   RO         1053    .ARM.Collect$$libinit$$00000035  c_w.l(libinit2.o)
    0x080002e8   0x080002e8   0x00000002   Code   RO         1329    .ARM.Collect$$libshutdown$$00000000  c_w.l(libshutdown.o)
    0x080002ea   0x080002ea   0x00000000   Code   RO         1245    .ARM.Collect$$libshutdown$$00000002  c_w.l(libshutdown2.o)
    0x080002ea   0x080002ea   0x00000000   Code   RO         1247    .ARM.Collect$$libshutdown$$00000004  c_w.l(libshutdown2.o)
    0x080002ea   0x080002ea   0x00000000   Code   RO         1250    .ARM.Collect$$libshutdown$$00000007  c_w.l(libshutdown2.o)
    0x080002ea   0x080002ea   0x00000000   Code   RO         1253    .ARM.Collect$$libshutdown$$0000000A  c_w.l(libshutdown2.o)
    0x080002ea   0x080002ea   0x00000000   Code   RO         1255    .ARM.Collect$$libshutdown$$0000000C  c_w.l(libshutdown2.o)
    0x080002ea   0x080002ea   0x00000000   Code   RO         1258    .ARM.Collect$$libshutdown$$0000000F  c_w.l(libshutdown2.o)
    0x080002ea   0x080002ea   0x00000002   Code   RO         1259    .ARM.Collect$$libshutdown$$00000010  c_w.l(libshutdown2.o)
    0x080002ec   0x080002ec   0x00000000   Code   RO          850    .ARM.Collect$$rtentry$$00000000  c_w.l(__rtentry.o)
    0x080002ec   0x080002ec   0x00000000   Code   RO         1073    .ARM.Collect$$rtentry$$00000002  c_w.l(__rtentry2.o)
    0x080002ec   0x080002ec   0x00000006   Code   RO         1085    .ARM.Collect$$rtentry$$00000004  c_w.l(__rtentry4.o)
    0x080002f2   0x080002f2   0x00000000   Code   RO         1075    .ARM.Collect$$rtentry$$00000009  c_w.l(__rtentry2.o)
    0x080002f2   0x080002f2   0x00000004   Code   RO         1076    .ARM.Collect$$rtentry$$0000000A  c_w.l(__rtentry2.o)
    0x080002f6   0x080002f6   0x00000000   Code   RO         1078    .ARM.Collect$$rtentry$$0000000C  c_w.l(__rtentry2.o)
    0x080002f6   0x080002f6   0x00000008   Code   RO         1079    .ARM.Collect$$rtentry$$0000000D  c_w.l(__rtentry2.o)
    0x080002fe   0x080002fe   0x00000002   Code   RO         1269    .ARM.Collect$$rtexit$$00000000  c_w.l(rtexit.o)
    0x08000300   0x08000300   0x00000000   Code   RO         1305    .ARM.Collect$$rtexit$$00000002  c_w.l(rtexit2.o)
    0x08000300   0x08000300   0x00000004   Code   RO         1306    .ARM.Collect$$rtexit$$00000003  c_w.l(rtexit2.o)
    0x08000304   0x08000304   0x00000006   Code   RO         1307    .ARM.Collect$$rtexit$$00000004  c_w.l(rtexit2.o)
    0x0800030a   0x0800030a   0x00000002   PAD
    0x0800030c   0x0800030c   0x00000040   Code   RO            4    .text               startup_stm32f401xc.o
    0x0800034c   0x0800034c   0x000000f0   Code   RO          810    .text               c_w.l(lludivv7m.o)
    0x0800043c   0x0800043c   0x00000024   Code   RO          812    .text               c_w.l(vsprintf.o)
    0x08000460   0x08000460   0x0000004e   Code   RO          838    .text               c_w.l(rt_memclr_w.o)
    0x080004ae   0x080004ae   0x00000006   Code   RO          840    .text               c_w.l(heapauxi.o)
    0x080004b4   0x080004b4   0x0000004e   Code   RO          887    .text               c_w.l(_printf_pad.o)
    0x08000502   0x08000502   0x00000024   Code   RO          889    .text               c_w.l(_printf_truncate.o)
    0x08000526   0x08000526   0x00000052   Code   RO          891    .text               c_w.l(_printf_str.o)
    0x08000578   0x08000578   0x00000078   Code   RO          893    .text               c_w.l(_printf_dec.o)
    0x080005f0   0x080005f0   0x00000028   Code   RO          895    .text               c_w.l(_printf_charcount.o)
    0x08000618   0x08000618   0x00000030   Code   RO          897    .text               c_w.l(_printf_char_common.o)
    0x08000648   0x08000648   0x0000000a   Code   RO          899    .text               c_w.l(_sputc.o)
    0x08000652   0x08000652   0x00000002   PAD
    0x08000654   0x08000654   0x000000bc   Code   RO          901    .text               c_w.l(_printf_wctomb.o)
    0x08000710   0x08000710   0x0000007c   Code   RO          904    .text               c_w.l(_printf_longlong_dec.o)
    0x0800078c   0x0800078c   0x00000070   Code   RO          910    .text               c_w.l(_printf_oct_int_ll.o)
    0x080007fc   0x080007fc   0x00000094   Code   RO          930    .text               c_w.l(_printf_hex_int_ll_ptr.o)
    0x08000890   0x08000890   0x00000188   Code   RO          950    .text               c_w.l(__printf_flags_ss_wp.o)
    0x08000a18   0x08000a18   0x00000008   Code   RO         1066    .text               c_w.l(libspace.o)
    0x08000a20   0x08000a20   0x00000002   Code   RO         1069    .text               c_w.l(use_no_semi.o)
    0x08000a22   0x08000a22   0x00000000   Code   RO         1071    .text               c_w.l(indicate_semi.o)
    0x08000a22   0x08000a22   0x0000008a   Code   RO         1097    .text               c_w.l(lludiv10.o)
    0x08000aac   0x08000aac   0x000000b2   Code   RO         1099    .text               c_w.l(_printf_intcommon.o)
    0x08000b5e   0x08000b5e   0x0000041c   Code   RO         1101    .text               c_w.l(_printf_fp_dec.o)
    0x08000f7a   0x08000f7a   0x00000002   PAD
    0x08000f7c   0x08000f7c   0x000002fc   Code   RO         1105    .text               c_w.l(_printf_fp_hex.o)
    0x08001278   0x08001278   0x0000002c   Code   RO         1110    .text               c_w.l(_printf_char.o)
    0x080012a4   0x080012a4   0x0000002c   Code   RO         1114    .text               c_w.l(_printf_wchar.o)
    0x080012d0   0x080012d0   0x00000048   Code   RO         1125    .text               c_w.l(_c16rtomb.o)
    0x08001318   0x08001318   0x0000004a   Code   RO         1147    .text               c_w.l(sys_stackheap_outer.o)
    0x08001362   0x08001362   0x00000002   PAD
    0x08001364   0x08001364   0x00000010   Code   RO         1149    .text               c_w.l(rt_ctype_table.o)
    0x08001374   0x08001374   0x00000008   Code   RO         1156    .text               c_w.l(rt_locale_intlibspace.o)
    0x0800137c   0x0800137c   0x00000080   Code   RO         1160    .text               c_w.l(_printf_fp_infnan.o)
    0x080013fc   0x080013fc   0x000000e4   Code   RO         1164    .text               c_w.l(bigflt0.o)
    0x080014e0   0x080014e0   0x00000012   Code   RO         1218    .text               c_w.l(exit.o)
    0x080014f2   0x080014f2   0x00000002   PAD
    0x080014f4   0x080014f4   0x0000000c   Code   RO         1265    .text               c_w.l(sys_exit.o)
    0x08001500   0x08001500   0x0000007c   Code   RO         1298    .text               c_w.l(strcmpv7em.o)
    0x0800157c   0x0800157c   0x0000036c   Code   RO          709    .text.AES_decrypt_block  aes_dec.o
    0x080018e8   0x080018e8   0x00000072   Code   RO          715    .text.AES_decrypt_buffer  aes_dec.o
    0x0800195a   0x0800195a   0x00000002   PAD
    0x0800195c   0x0800195c   0x00000042   Code   RO          659    .text.BL_Print_Message  bootloader.o
    0x0800199e   0x0800199e   0x00000002   PAD
    0x080019a0   0x080019a0   0x000001bc   Code   RO          661    .text.BL_UART_Featch_Host_Command  bootloader.o
    0x08001b5c   0x08001b5c   0x000001e0   Code   RO          675    .text.Bootloader_Change_Read_Protection_Level  bootloader.o
    0x08001d3c   0x08001d3c   0x000001e4   Code   RO          671    .text.Bootloader_Erase_Flash  bootloader.o
    0x08001f20   0x08001f20   0x0000011c   Code   RO          667    .text.Bootloader_Get_Chip_Identification_Number  bootloader.o
    0x0800203c   0x0800203c   0x00000108   Code   RO          665    .text.Bootloader_Get_Help  bootloader.o
    0x08002144   0x08002144   0x000000fc   Code   RO          663    .text.Bootloader_Get_Version  bootloader.o
    0x08002240   0x08002240   0x00000118   Code   RO          669    .text.Bootloader_Read_Protection_Level  bootloader.o
    0x08002358   0x08002358   0x00000002   Code   RO           78    .text.BusFault_Handler  stm32f4xx_it.o
    0x0800235a   0x0800235a   0x00000002   PAD
    0x0800235c   0x0800235c   0x00000002   Code   RO           84    .text.DebugMon_Handler  stm32f4xx_it.o
    0x0800235e   0x0800235e   0x00000002   PAD
    0x08002360   0x08002360   0x0000000a   Code   RO           15    .text.Error_Handler  main.o
    0x0800236a   0x0800236a   0x00000002   PAD
    0x0800236c   0x0800236c   0x00000116   Code   RO          185    .text.FLASH_WaitForLastOperation  stm32f4xx_hal_flash.o
    0x08002482   0x08002482   0x00000002   PAD
    0x08002484   0x08002484   0x0000006c   Code   RO          113    .text.HAL_CRC_Accumulate  stm32f4xx_hal_crc.o
    0x080024f0   0x080024f0   0x0000002a   Code   RO          105    .text.HAL_CRC_Init  stm32f4xx_hal_crc.o
    0x0800251a   0x0800251a   0x00000002   PAD
    0x0800251c   0x0800251c   0x00000030   Code   RO           41    .text.HAL_CRC_MspInit  crc.o
    0x0800254c   0x0800254c   0x0000018a   Code   RO          216    .text.HAL_FLASHEx_Erase  stm32f4xx_hal_flash_ex.o
    0x080026d6   0x080026d6   0x00000002   PAD
    0x080026d8   0x080026d8   0x00000038   Code   RO          226    .text.HAL_FLASHEx_OBGetConfig  stm32f4xx_hal_flash_ex.o
    0x08002710   0x08002710   0x000000b8   Code   RO          224    .text.HAL_FLASHEx_OBProgram  stm32f4xx_hal_flash_ex.o
    0x080027c8   0x080027c8   0x00000014   Code   RO          197    .text.HAL_FLASH_Lock  stm32f4xx_hal_flash.o
    0x080027dc   0x080027dc   0x00000018   Code   RO          203    .text.HAL_FLASH_OB_Launch  stm32f4xx_hal_flash.o
    0x080027f4   0x080027f4   0x00000014   Code   RO          201    .text.HAL_FLASH_OB_Lock  stm32f4xx_hal_flash.o
    0x08002808   0x08002808   0x0000002a   Code   RO          199    .text.HAL_FLASH_OB_Unlock  stm32f4xx_hal_flash.o
    0x08002832   0x08002832   0x00000002   PAD
    0x08002834   0x08002834   0x00000120   Code   RO          183    .text.HAL_FLASH_Program  stm32f4xx_hal_flash.o
    0x08002954   0x08002954   0x0000002e   Code   RO          195    .text.HAL_FLASH_Unlock  stm32f4xx_hal_flash.o
    0x08002982   0x08002982   0x00000002   PAD
    0x08002984   0x08002984   0x0000019a   Code   RO          245    .text.HAL_GPIO_Init  stm32f4xx_hal_gpio.o
    0x08002b1e   0x08002b1e   0x00000002   PAD
    0x08002b20   0x08002b20   0x0000000a   Code   RO          251    .text.HAL_GPIO_WritePin  stm32f4xx_hal_gpio.o
    0x08002b2a   0x08002b2a   0x00000002   PAD
    0x08002b2c   0x08002b2c   0x0000000c   Code   RO          444    .text.HAL_GetTick   stm32f4xx_hal.o
    0x08002b38   0x08002b38   0x0000001a   Code   RO          442    .text.HAL_IncTick   stm32f4xx_hal.o
    0x08002b52   0x08002b52   0x00000002   PAD
    0x08002b54   0x08002b54   0x00000036   Code   RO          432    .text.HAL_Init      stm32f4xx_hal.o
    0x08002b8a   0x08002b8a   0x00000002   PAD
    0x08002b8c   0x08002b8c   0x00000048   Code   RO          434    .text.HAL_InitTick  stm32f4xx_hal.o
    0x08002bd4   0x08002bd4   0x00000038   Code   RO           97    .text.HAL_MspInit   stm32f4xx_hal_msp.o
    0x08002c0c   0x08002c0c   0x00000056   Code   RO          388    .text.HAL_NVIC_SetPriority  stm32f4xx_hal_cortex.o
    0x08002c62   0x08002c62   0x00000002   PAD
    0x08002c64   0x08002c64   0x00000020   Code   RO          386    .text.HAL_NVIC_SetPriorityGrouping  stm32f4xx_hal_cortex.o
    0x08002c84   0x08002c84   0x00000164   Code   RO          131    .text.HAL_RCC_ClockConfig  stm32f4xx_hal_rcc.o
    0x08002de8   0x08002de8   0x00000128   Code   RO          173    .text.HAL_RCC_DeInit  stm32f4xx_hal_rcc_ex.o
    0x08002f10   0x08002f10   0x00000026   Code   RO          143    .text.HAL_RCC_GetPCLK1Freq  stm32f4xx_hal_rcc.o
    0x08002f36   0x08002f36   0x00000002   PAD
    0x08002f38   0x08002f38   0x00000026   Code   RO          145    .text.HAL_RCC_GetPCLK2Freq  stm32f4xx_hal_rcc.o
    0x08002f5e   0x08002f5e   0x00000002   PAD
    0x08002f60   0x08002f60   0x0000006a   Code   RO          133    .text.HAL_RCC_GetSysClockFreq  stm32f4xx_hal_rcc.o
    0x08002fca   0x08002fca   0x00000002   PAD
    0x08002fcc   0x08002fcc   0x000003b0   Code   RO          129    .text.HAL_RCC_OscConfig  stm32f4xx_hal_rcc.o
    0x0800337c   0x0800337c   0x0000002c   Code   RO          398    .text.HAL_SYSTICK_Config  stm32f4xx_hal_cortex.o
    0x080033a8   0x080033a8   0x0000005e   Code   RO          524    .text.HAL_UART_Init  stm32f4xx_hal_uart.o
    0x08003406   0x08003406   0x00000002   PAD
    0x08003408   0x08003408   0x000000ba   Code   RO           58    .text.HAL_UART_MspInit  usart.o
    0x080034c2   0x080034c2   0x00000002   PAD
    0x080034c4   0x080034c4   0x000001ba   Code   RO          542    .text.HAL_UART_Receive  stm32f4xx_hal_uart.o
    0x0800367e   0x0800367e   0x00000002   PAD
    0x08003680   0x08003680   0x00000286   Code   RO          540    .text.HAL_UART_Transmit  stm32f4xx_hal_uart.o
    0x08003906   0x08003906   0x00000002   PAD
    0x08003908   0x08003908   0x00000002   Code   RO           74    .text.HardFault_Handler  stm32f4xx_it.o
    0x0800390a   0x0800390a   0x00000002   PAD
    0x0800390c   0x0800390c   0x0000018c   Code   RO          705    .text.InvMixCol     aes_dec.o
    0x08003a98   0x08003a98   0x00000092   Code   RO          695    .text.KeyExpansion  aes_dec.o
    0x08003b2a   0x08003b2a   0x00000002   PAD
    0x08003b2c   0x08003b2c   0x00000026   Code   RO           39    .text.MX_CRC_Init   crc.o
    0x08003b52   0x08003b52   0x00000002   PAD
    0x08003b54   0x08003b54   0x00000066   Code   RO           29    .text.MX_GPIO_Init  gpio.o
    0x08003bba   0x08003bba   0x00000002   PAD
    0x08003bbc   0x08003bbc   0x0000003c   Code   RO           54    .text.MX_USART2_UART_Init  usart.o
    0x08003bf8   0x08003bf8   0x0000003c   Code   RO           56    .text.MX_USART6_UART_Init  usart.o
    0x08003c34   0x08003c34   0x00000002   Code   RO           76    .text.MemManage_Handler  stm32f4xx_it.o
    0x08003c36   0x08003c36   0x00000002   PAD
    0x08003c38   0x08003c38   0x00000002   Code   RO           72    .text.NMI_Handler   stm32f4xx_it.o
    0x08003c3a   0x08003c3a   0x00000002   PAD
    0x08003c3c   0x08003c3c   0x00000002   Code   RO           86    .text.PendSV_Handler  stm32f4xx_it.o
    0x08003c3e   0x08003c3e   0x00000002   PAD
    0x08003c40   0x08003c40   0x00000140   Code   RO          699    .text.ReverseBytesInWords  aes_dec.o
    0x08003d80   0x08003d80   0x00000002   Code   RO           82    .text.SVC_Handler   stm32f4xx_it.o
    0x08003d82   0x08003d82   0x00000002   PAD
    0x08003d84   0x08003d84   0x00000004   Code   RO           88    .text.SysTick_Handler  stm32f4xx_it.o
    0x08003d88   0x08003d88   0x0000001a   Code   RO          644    .text.SystemInit    system_stm32f4xx.o
    0x08003da2   0x08003da2   0x00000002   PAD
    0x08003da4   0x08003da4   0x0000020c   Code   RO          673    .text.Test_Bootloader_Memory_Write  bootloader.o
    0x08003fb0   0x08003fb0   0x000000ee   Code   RO          528    .text.UART_SetConfig  stm32f4xx_hal_uart.o
    0x0800409e   0x0800409e   0x00000002   PAD
    0x080040a0   0x080040a0   0x00000002   Code   RO           80    .text.UsageFault_Handler  stm32f4xx_it.o
    0x080040a2   0x080040a2   0x00000002   PAD
    0x080040a4   0x080040a4   0x000000e0   Code   RO           11    .text.main          main.o
    0x08004184   0x08004184   0x0000003e   Code   RO         1167    CL$$btod_d2e        c_w.l(btod.o)
    0x080041c2   0x080041c2   0x00000046   Code   RO         1169    CL$$btod_d2e_denorm_low  c_w.l(btod.o)
    0x08004208   0x08004208   0x00000060   Code   RO         1168    CL$$btod_d2e_norm_op1  c_w.l(btod.o)
    0x08004268   0x08004268   0x00000338   Code   RO         1177    CL$$btod_div_common  c_w.l(btod.o)
    0x080045a0   0x080045a0   0x000000dc   Code   RO         1174    CL$$btod_e2e        c_w.l(btod.o)
    0x0800467c   0x0800467c   0x0000002a   Code   RO         1171    CL$$btod_ediv       c_w.l(btod.o)
    0x080046a6   0x080046a6   0x0000002a   Code   RO         1170    CL$$btod_emul       c_w.l(btod.o)
    0x080046d0   0x080046d0   0x00000244   Code   RO         1176    CL$$btod_mult_common  c_w.l(btod.o)
    0x08004914   0x08004914   0x00000030   Code   RO         1263    i.__ARM_fpclassify  m_wm.l(fpclassify.o)
    0x08004944   0x08004944   0x0000000e   Code   RO          943    i._is_digit         c_w.l(__printf_wp.o)
    0x08004952   0x08004952   0x00000002   PAD
    0x08004954   0x08004954   0x0000002c   Code   RO         1216    locale$$code        c_w.l(lc_numeric_c.o)
    0x08004980   0x08004980   0x0000002c   Code   RO         1286    locale$$code        c_w.l(lc_ctype_c.o)
    0x080049ac   0x080049ac   0x0000001a   Code   RO         1142    x$fpl$fpinit        fz_wm.l(fpinit.o)
    0x080049c6   0x080049c6   0x00000004   Code   RO         1054    x$fpl$printf1       fz_wm.l(printf1.o)
    0x080049ca   0x080049ca   0x00000004   Code   RO         1056    x$fpl$printf2       fz_wm.l(printf2.o)
    0x080049ce   0x080049ce   0x00000000   Code   RO         1262    x$fpl$usenofp       fz_wm.l(usenofp.o)
    0x080049ce   0x080049ce   0x00000002   PAD
    0x080049d0   0x080049d0   0x00000008   Data   RO          902    .constdata          c_w.l(_printf_wctomb.o)
    0x080049d8   0x080049d8   0x00000028   Data   RO          931    .constdata          c_w.l(_printf_hex_int_ll_ptr.o)
    0x08004a00   0x08004a00   0x00000011   Data   RO          951    .constdata          c_w.l(__printf_flags_ss_wp.o)
    0x08004a11   0x08004a11   0x00000026   Data   RO         1106    .constdata          c_w.l(_printf_fp_hex.o)
    0x08004a37   0x08004a37   0x00000001   PAD
    0x08004a38   0x08004a38   0x00000094   Data   RO         1165    .constdata          c_w.l(bigflt0.o)
    0x08004acc   0x08004acc   0x00000010   Data   RO          649    .rodata.AHBPrescTable  system_stm32f4xx.o
    0x08004adc   0x08004adc   0x00000008   Data   RO          650    .rodata.APBPrescTable  system_stm32f4xx.o
    0x08004ae4   0x08004ae4   0x00000100   Data   RO          725    .rodata.INV_SBOX    aes_dec.o
    0x08004be4   0x08004be4   0x0000000a   Data   RO          722    .rodata.RoundConstants  aes_dec.o
    0x08004bee   0x08004bee   0x00000100   Data   RO          720    .rodata.SBOX        aes_dec.o
    0x08004cee   0x08004cee   0x000001bf   Data   RO          681    .rodata.str1.1      bootloader.o
    0x08004ead   0x08004ead   0x00000003   PAD
    0x08004eb0   0x08004eb0   0x00000020   Data   RO         1331    Region$$Table       anon$$obj.o
    0x08004ed0   0x08004ed0   0x0000001c   Data   RO         1215    locale$$data        c_w.l(lc_numeric_c.o)
    0x08004eec   0x08004eec   0x00000110   Data   RO         1285    locale$$data        c_w.l(lc_ctype_c.o)


    Execution Region RW_IRAM1 (Exec base: 0x20000000, Load base: 0x08005000, Size: 0x000008c0, Max: 0x00010000, ABSOLUTE)

    Exec Addr    Load Addr    Size         Type   Attr      Idx    E Section Name        Object

    0x20000000   0x08005000   0x00000008   Data   RW          487    .data..L_MergedGlobals  stm32f4xx_hal.o
    0x20000008   0x08005008   0x0000000c   Data   RW          682    .data.BL_commands   bootloader.o
    0x20000014   0x08005014   0x00000004   Data   RW          648    .data.SystemCoreClock  system_stm32f4xx.o
    0x20000018   0x08005018   0x00000010   Data   RW          724    .data.key           aes_dec.o
    0x20000028   0x08005028   0x00000001   Data   RW          679    .data.success       bootloader.o
    0x20000029   0x08005029   0x00000007   PAD
    0x20000030        -       0x00000060   Zero   RW         1067    .bss                c_w.l(libspace.o)
    0x20000090        -       0x000000c8   Zero   RW          680    .bss.BL_Host_Buffer  bootloader.o
    0x20000158        -       0x000000b0   Zero   RW          721    .bss.RoundKey       aes_dec.o
    0x20000208        -       0x00000008   Zero   RW           45    .bss.hcrc           crc.o
    0x20000210        -       0x00000044   Zero   RW           62    .bss.huart2         usart.o
    0x20000254        -       0x00000044   Zero   RW           63    .bss.huart6         usart.o
    0x20000298        -       0x00000020   Zero   RW          207    .bss.pFlash         stm32f4xx_hal_flash.o
    0x200002b8        -       0x00000001   Zero   RW           17    .bss.status         main.o
    0x200002b9   0x08005029   0x00000003   PAD
    0x200002bc        -       0x00000004   Zero   RW          486    .bss.uwTick         stm32f4xx_hal.o
    0x200002c0        -       0x00000200   Zero   RW            2    HEAP                startup_stm32f401xc.o
    0x200004c0        -       0x00000400   Zero   RW            1    STACK               startup_stm32f401xc.o


==============================================================================

Image component sizes


      Code (inc. data)   RO Data    RW Data    ZI Data      Debug   Object Name

      1852          0        522         16        176      18164   aes_dec.o
      3078        652        447         13        200      14879   bootloader.o
        86          0          0          0          8       2676   crc.o
       102          0          0          0          0       2299   gpio.o
       234         24          0          0          1       4100   main.o
        64         26        404          0       1536        832   startup_stm32f401xc.o
       164          0          0          8          4       6845   stm32f4xx_hal.o
       162          0          0          0          0       9939   stm32f4xx_hal_cortex.o
       150          0          0          0          0       3502   stm32f4xx_hal_crc.o
       718          0          0          0         32       5461   stm32f4xx_hal_flash.o
       634          0          0          0          0       7021   stm32f4xx_hal_flash_ex.o
       420          0          0          0          0       5378   stm32f4xx_hal_gpio.o
        56          0          0          0          0       1499   stm32f4xx_hal_msp.o
      1482          0          0          0          0       7418   stm32f4xx_hal_rcc.o
       296          0          0          0          0       4523   stm32f4xx_hal_rcc_ex.o
      1420          0          0          0          0      31579   stm32f4xx_hal_uart.o
        20          0          0          0          0       1129   stm32f4xx_it.o
        26          0         24          4          0       2690   system_stm32f4xx.o
       306          0          0          0        136       5489   usart.o

    ----------------------------------------------------------------------
     11336        702       1432         44       2100     135423   Object Totals
         0          0         32          0          0          0   (incl. Generated)
        66          0          3          3          7          0   (incl. Padding)

    ----------------------------------------------------------------------

      Code (inc. data)   RO Data    RW Data    ZI Data      Debug   Library Member Name

         8          0          0          0          0         68   __main.o
       392          4         17          0          0         92   __printf_flags_ss_wp.o
        14          0          0          0          0         68   __printf_wp.o
         0          0          0          0          0          0   __rtentry.o
        12          0          0          0          0          0   __rtentry2.o
         6          0          0          0          0          0   __rtentry4.o
        94          8          0          0          0          0   __scatter.o
        26          0          0          0          0          0   __scatter_copy.o
        28          0          0          0          0          0   __scatter_zi.o
        72          0          0          0          0         96   _c16rtomb.o
         6          0          0          0          0          0   _printf_a.o
         6          0          0          0          0          0   _printf_c.o
        44          0          0          0          0        108   _printf_char.o
        48          6          0          0          0         96   _printf_char_common.o
        40          0          0          0          0         68   _printf_charcount.o
         6          0          0          0          0          0   _printf_d.o
       120         16          0          0          0         92   _printf_dec.o
         6          0          0          0          0          0   _printf_e.o
         6          0          0          0          0          0   _printf_f.o
      1052          0          0          0          0        148   _printf_fp_dec.o
       764          8         38          0          0        100   _printf_fp_hex.o
       128         16          0          0          0         84   _printf_fp_infnan.o
         6          0          0          0          0          0   _printf_g.o
       148          4         40          0          0        160   _printf_hex_int_ll_ptr.o
         6          0          0          0          0          0   _printf_i.o
       178          0          0          0          0         88   _printf_intcommon.o
        10          0          0          0          0          0   _printf_l.o
         6          0          0          0          0          0   _printf_lc.o
        10          0          0          0          0          0   _printf_ll.o
         6          0          0          0          0          0   _printf_lld.o
         6          0          0          0          0          0   _printf_lli.o
         6          0          0          0          0          0   _printf_llo.o
         6          0          0          0          0          0   _printf_llu.o
         6          0          0          0          0          0   _printf_llx.o
       124         16          0          0          0         92   _printf_longlong_dec.o
         6          0          0          0          0          0   _printf_ls.o
         6          0          0          0          0          0   _printf_n.o
         6          0          0          0          0          0   _printf_o.o
       112          8          0          0          0        124   _printf_oct_int_ll.o
         6          0          0          0          0          0   _printf_p.o
        78          0          0          0          0        108   _printf_pad.o
         0          0          0          0          0          0   _printf_percent.o
         4          0          0          0          0          0   _printf_percent_end.o
         6          0          0          0          0          0   _printf_s.o
        82          0          0          0          0         80   _printf_str.o
        36          0          0          0          0         84   _printf_truncate.o
         6          0          0          0          0          0   _printf_u.o
        44          0          0          0          0        108   _printf_wchar.o
       188          6          8          0          0         92   _printf_wctomb.o
         6          0          0          0          0          0   _printf_x.o
        10          0          0          0          0         68   _sputc.o
       228          4        148          0          0         96   bigflt0.o
      1936        128          0          0          0        668   btod.o
        18          0          0          0          0         80   exit.o
         6          0          0          0          0        152   heapauxi.o
         0          0          0          0          0          0   indicate_semi.o
        44         10        272          0          0         76   lc_ctype_c.o
        44         10         28          0          0         76   lc_numeric_c.o
         2          0          0          0          0          0   libinit.o
        34          0          0          0          0          0   libinit2.o
         2          0          0          0          0          0   libshutdown.o
         2          0          0          0          0          0   libshutdown2.o
         8          4          0          0         96         68   libspace.o
       138          0          0          0          0         80   lludiv10.o
       240          0          0          0          0        100   lludivv7m.o
        16          4          0          0          0         76   rt_ctype_table.o
         8          4          0          0          0         68   rt_locale_intlibspace.o
        78          0          0          0          0         80   rt_memclr_w.o
         2          0          0          0          0          0   rtexit.o
        10          0          0          0          0          0   rtexit2.o
       124          0          0          0          0         88   strcmpv7em.o
        12          4          0          0          0         68   sys_exit.o
        74          0          0          0          0         80   sys_stackheap_outer.o
         2          0          0          0          0         68   use_no_semi.o
        36          4          0          0          0         76   vsprintf.o
        26          0          0          0          0        116   fpinit.o
         4          0          0          0          0        116   printf1.o
         4          0          0          0          0        116   printf2.o
         0          0          0          0          0          0   usenofp.o
        48          0          0          0          0        124   fpclassify.o

    ----------------------------------------------------------------------
      7156        264        552          0         96       4496   Library Totals
        18          0          1          0          0          0   (incl. Padding)

    ----------------------------------------------------------------------

      Code (inc. data)   RO Data    RW Data    ZI Data      Debug   Library Name

      7056        264        551          0         96       4024   c_w.l
        34          0          0          0          0        348   fz_wm.l
        48          0          0          0          0        124   m_wm.l

    ----------------------------------------------------------------------
      7156        264        552          0         96       4496   Library Totals

    ----------------------------------------------------------------------

==============================================================================


      Code (inc. data)   RO Data    RW Data    ZI Data      Debug   

     18492        966       1984         44       2196     137315   Grand Totals
     18492        966       1984         44       2196     137315   ELF Image Totals
     18492        966       1984         44          0          0   ROM Totals

==============================================================================

    Total RO  Size (Code + RO Data)                20476 (  20.00kB)
    Total RW  Size (RW Data + ZI Data)              2240 (   2.19kB)
    Total ROM Size (Code + RO Data + RW Data)      20520 (  20.04kB)

==============================================================================

